../Core/Src/main.c:105:6:CDC_Transmit_String	24	static
../Core/Src/main.c:112:6:CDC_Transmit_uint8	24	static
../Core/Src/main.c:127:6:CDC_Transmit_float	40	static
../Core/Src/main.c:136:6:CDC_Transmit_UniqueID	112	static
../Core/Src/main.c:147:6:I2C4_ScanBus	80	static
../Core/Src/main.c:171:5:main	16	static
../Core/Src/main.c:271:6:SystemClock_Config	120	static
../Core/Src/main.c:331:6:PeriphCommonClock_Config	192	static
../Core/Src/main.c:361:13:MX_ADC1_Init	56	static
../Core/Src/main.c:429:13:MX_CORDIC_Init	8	static
../Core/Src/main.c:455:13:MX_CRC_Init	8	static
../Core/Src/main.c:486:13:MX_FMAC_Init	8	static
../Core/Src/main.c:512:13:MX_I2C1_Init	8	static
../Core/Src/main.c:560:13:MX_I2C2_Init	8	static
../Core/Src/main.c:608:13:MX_I2C3_Init	8	static
../Core/Src/main.c:656:13:MX_I2C4_Init	8	static
../Core/Src/main.c:704:13:MX_RNG_Init	8	static
../Core/Src/main.c:731:13:MX_SDMMC1_MMC_Init	8	static
../Core/Src/main.c:762:13:MX_SPI1_Init	8	static
../Core/Src/main.c:810:13:MX_SPI2_Init	8	static
../Core/Src/main.c:858:13:MX_SPI3_Init	8	static
../Core/Src/main.c:906:13:MX_SPI4_Init	8	static
../Core/Src/main.c:954:13:MX_SPI6_Init	8	static
../Core/Src/main.c:1002:13:MX_USART2_UART_Init	8	static
../Core/Src/main.c:1050:13:MX_GPIO_Init	56	static
../Core/Src/main.c:1117:6:Error_Handler	4	static,ignoring_inline_asm
