Archive member included to satisfy reference by file (symbol)

C:/ST/STM32CubeIDE_1.14.1/STM32CubeIDE/plugins/com.st.stm32cube.ide.mcu.externaltools.gnu-tools-for-stm32.11.3.rel1.win32_1.1.100.202309141235/tools/bin/../lib/gcc/arm-none-eabi/11.3.1/../../../../arm-none-eabi/lib/thumb/v7e-m+dp/hard\libc_nano.a(libc_a-exit.o)
                              C:/ST/STM32CubeIDE_1.14.1/STM32CubeIDE/plugins/com.st.stm32cube.ide.mcu.externaltools.gnu-tools-for-stm32.11.3.rel1.win32_1.1.100.202309141235/tools/bin/../lib/gcc/arm-none-eabi/11.3.1/../../../../arm-none-eabi/lib/thumb/v7e-m+dp/hard/crt0.o (exit)
C:/ST/STM32CubeIDE_1.14.1/STM32CubeIDE/plugins/com.st.stm32cube.ide.mcu.externaltools.gnu-tools-for-stm32.11.3.rel1.win32_1.1.100.202309141235/tools/bin/../lib/gcc/arm-none-eabi/11.3.1/../../../../arm-none-eabi/lib/thumb/v7e-m+dp/hard\libc_nano.a(libc_a-malloc.o)
                              ./Core/ThreadSafe/newlib_lock_glue.o (malloc)
C:/ST/STM32CubeIDE_1.14.1/STM32CubeIDE/plugins/com.st.stm32cube.ide.mcu.externaltools.gnu-tools-for-stm32.11.3.rel1.win32_1.1.100.202309141235/tools/bin/../lib/gcc/arm-none-eabi/11.3.1/../../../../arm-none-eabi/lib/thumb/v7e-m+dp/hard\libc_nano.a(libc_a-mallocr.o)
                              C:/ST/STM32CubeIDE_1.14.1/STM32CubeIDE/plugins/com.st.stm32cube.ide.mcu.externaltools.gnu-tools-for-stm32.11.3.rel1.win32_1.1.100.202309141235/tools/bin/../lib/gcc/arm-none-eabi/11.3.1/../../../../arm-none-eabi/lib/thumb/v7e-m+dp/hard\libc_nano.a(libc_a-malloc.o) (_malloc_r)
C:/ST/STM32CubeIDE_1.14.1/STM32CubeIDE/plugins/com.st.stm32cube.ide.mcu.externaltools.gnu-tools-for-stm32.11.3.rel1.win32_1.1.100.202309141235/tools/bin/../lib/gcc/arm-none-eabi/11.3.1/../../../../arm-none-eabi/lib/thumb/v7e-m+dp/hard\libc_nano.a(libc_a-mlock.o)
                              C:/ST/STM32CubeIDE_1.14.1/STM32CubeIDE/plugins/com.st.stm32cube.ide.mcu.externaltools.gnu-tools-for-stm32.11.3.rel1.win32_1.1.100.202309141235/tools/bin/../lib/gcc/arm-none-eabi/11.3.1/../../../../arm-none-eabi/lib/thumb/v7e-m+dp/hard\libc_nano.a(libc_a-mallocr.o) (__malloc_lock)
C:/ST/STM32CubeIDE_1.14.1/STM32CubeIDE/plugins/com.st.stm32cube.ide.mcu.externaltools.gnu-tools-for-stm32.11.3.rel1.win32_1.1.100.202309141235/tools/bin/../lib/gcc/arm-none-eabi/11.3.1/../../../../arm-none-eabi/lib/thumb/v7e-m+dp/hard\libc_nano.a(libc_a-findfp.o)
                              C:/ST/STM32CubeIDE_1.14.1/STM32CubeIDE/plugins/com.st.stm32cube.ide.mcu.externaltools.gnu-tools-for-stm32.11.3.rel1.win32_1.1.100.202309141235/tools/bin/../lib/gcc/arm-none-eabi/11.3.1/../../../../arm-none-eabi/lib/thumb/v7e-m+dp/hard\libc_nano.a(libc_a-exit.o) (__stdio_exit_handler)
C:/ST/STM32CubeIDE_1.14.1/STM32CubeIDE/plugins/com.st.stm32cube.ide.mcu.externaltools.gnu-tools-for-stm32.11.3.rel1.win32_1.1.100.202309141235/tools/bin/../lib/gcc/arm-none-eabi/11.3.1/../../../../arm-none-eabi/lib/thumb/v7e-m+dp/hard\libc_nano.a(libc_a-fwalk.o)
                              C:/ST/STM32CubeIDE_1.14.1/STM32CubeIDE/plugins/com.st.stm32cube.ide.mcu.externaltools.gnu-tools-for-stm32.11.3.rel1.win32_1.1.100.202309141235/tools/bin/../lib/gcc/arm-none-eabi/11.3.1/../../../../arm-none-eabi/lib/thumb/v7e-m+dp/hard\libc_nano.a(libc_a-findfp.o) (_fwalk_sglue)
C:/ST/STM32CubeIDE_1.14.1/STM32CubeIDE/plugins/com.st.stm32cube.ide.mcu.externaltools.gnu-tools-for-stm32.11.3.rel1.win32_1.1.100.202309141235/tools/bin/../lib/gcc/arm-none-eabi/11.3.1/../../../../arm-none-eabi/lib/thumb/v7e-m+dp/hard\libc_nano.a(libc_a-stdio.o)
                              C:/ST/STM32CubeIDE_1.14.1/STM32CubeIDE/plugins/com.st.stm32cube.ide.mcu.externaltools.gnu-tools-for-stm32.11.3.rel1.win32_1.1.100.202309141235/tools/bin/../lib/gcc/arm-none-eabi/11.3.1/../../../../arm-none-eabi/lib/thumb/v7e-m+dp/hard\libc_nano.a(libc_a-findfp.o) (__sread)
C:/ST/STM32CubeIDE_1.14.1/STM32CubeIDE/plugins/com.st.stm32cube.ide.mcu.externaltools.gnu-tools-for-stm32.11.3.rel1.win32_1.1.100.202309141235/tools/bin/../lib/gcc/arm-none-eabi/11.3.1/../../../../arm-none-eabi/lib/thumb/v7e-m+dp/hard\libc_nano.a(libc_a-memset.o)
                              C:/ST/STM32CubeIDE_1.14.1/STM32CubeIDE/plugins/com.st.stm32cube.ide.mcu.externaltools.gnu-tools-for-stm32.11.3.rel1.win32_1.1.100.202309141235/tools/bin/../lib/gcc/arm-none-eabi/11.3.1/../../../../arm-none-eabi/lib/thumb/v7e-m+dp/hard/crt0.o (memset)
C:/ST/STM32CubeIDE_1.14.1/STM32CubeIDE/plugins/com.st.stm32cube.ide.mcu.externaltools.gnu-tools-for-stm32.11.3.rel1.win32_1.1.100.202309141235/tools/bin/../lib/gcc/arm-none-eabi/11.3.1/../../../../arm-none-eabi/lib/thumb/v7e-m+dp/hard\libc_nano.a(libc_a-closer.o)
                              C:/ST/STM32CubeIDE_1.14.1/STM32CubeIDE/plugins/com.st.stm32cube.ide.mcu.externaltools.gnu-tools-for-stm32.11.3.rel1.win32_1.1.100.202309141235/tools/bin/../lib/gcc/arm-none-eabi/11.3.1/../../../../arm-none-eabi/lib/thumb/v7e-m+dp/hard\libc_nano.a(libc_a-stdio.o) (_close_r)
[...]
Memory Configuration

Name             Origin             Length             Attributes
ITCMRAM          0x0000000000000000 0x0000000000010000 xrw
DTCMRAM          0x0000000020000000 0x0000000000020000 xrw
FLASH            0x0000000008000000 0x0000000000100000 xr
RAM_D1           0x0000000024000000 0x0000000000050000 xrw
RAM_D2           0x0000000030000000 0x0000000000008000 xrw
RAM_D3           0x0000000038000000 0x0000000000004000 xrw
*default*        0x0000000000000000 0xffffffffffffffff

Linker script and memory map

LOAD C:/ST/STM32CubeIDE_1.14.1/STM32CubeIDE/plugins/com.st.stm32cube.ide.mcu.externaltools.gnu-tools-for-stm32.11.3.rel1.win32_1.1.100.202309141235/tools/bin/../lib/gcc/arm-none-eabi/11.3.1/thumb/v7e-m+dp/hard/crti.o
LOAD C:/ST/STM32CubeIDE_1.14.1/STM32CubeIDE/plugins/com.st.stm32cube.ide.mcu.externaltools.gnu-tools-for-stm32.11.3.rel1.win32_1.1.100.202309141235/tools/bin/../lib/gcc/arm-none-eabi/11.3.1/thumb/v7e-m+dp/hard/crtbegin.o
LOAD C:/ST/STM32CubeIDE_1.14.1/STM32CubeIDE/plugins/com.st.stm32cube.ide.mcu.externaltools.gnu-tools-for-stm32.11.3.rel1.win32_1.1.100.202309141235/tools/bin/../lib/gcc/arm-none-eabi/11.3.1/../../../../arm-none-eabi/lib/thumb/v7e-m+dp/hard/crt0.o
LOAD ./Core/Src/main.o
LOAD ./Core/Src/stm32h7xx_hal_msp.o
LOAD ./Core/Src/stm32h7xx_it.o
LOAD ./Core/Src/syscalls.o
LOAD ./Core/Src/sysmem.o
LOAD ./Core/Src/system_stm32h7xx.o
LOAD ./Core/Startup/startup_stm32h723vghx.o
LOAD ./Core/ThreadSafe/newlib_lock_glue.o
LOAD ./Drivers/STM32H7xx_HAL_Driver/Src/stm32h7xx_hal.o
LOAD ./Drivers/STM32H7xx_HAL_Driver/Src/stm32h7xx_hal_adc.o
LOAD ./Drivers/STM32H7xx_HAL_Driver/Src/stm32h7xx_hal_adc_ex.o
LOAD ./Drivers/STM32H7xx_HAL_Driver/Src/stm32h7xx_hal_cordic.o
LOAD ./Drivers/STM32H7xx_HAL_Driver/Src/stm32h7xx_hal_cortex.o
LOAD ./Drivers/STM32H7xx_HAL_Driver/Src/stm32h7xx_hal_crc.o
LOAD ./Drivers/STM32H7xx_HAL_Driver/Src/stm32h7xx_hal_crc_ex.o
LOAD ./Drivers/STM32H7xx_HAL_Driver/Src/stm32h7xx_hal_dma.o
LOAD ./Drivers/STM32H7xx_HAL_Driver/Src/stm32h7xx_hal_dma_ex.o
LOAD ./Drivers/STM32H7xx_HAL_Driver/Src/stm32h7xx_hal_exti.o
LOAD ./Drivers/STM32H7xx_HAL_Driver/Src/stm32h7xx_hal_flash.o
LOAD ./Drivers/STM32H7xx_HAL_Driver/Src/stm32h7xx_hal_flash_ex.o
LOAD ./Drivers/STM32H7xx_HAL_Driver/Src/stm32h7xx_hal_fmac.o
LOAD ./Drivers/STM32H7xx_HAL_Driver/Src/stm32h7xx_hal_gpio.o
LOAD ./Drivers/STM32H7xx_HAL_Driver/Src/stm32h7xx_hal_hsem.o
LOAD ./Drivers/STM32H7xx_HAL_Driver/Src/stm32h7xx_hal_i2c.o
LOAD ./Drivers/STM32H7xx_HAL_Driver/Src/stm32h7xx_hal_i2c_ex.o
LOAD ./Drivers/STM32H7xx_HAL_Driver/Src/stm32h7xx_hal_mdma.o
LOAD ./Drivers/STM32H7xx_HAL_Driver/Src/stm32h7xx_hal_mmc.o
LOAD ./Drivers/STM32H7xx_HAL_Driver/Src/stm32h7xx_hal_mmc_ex.o
LOAD ./Drivers/STM32H7xx_HAL_Driver/Src/stm32h7xx_hal_pcd.o
LOAD ./Drivers/STM32H7xx_HAL_Driver/Src/stm32h7xx_hal_pcd_ex.o
LOAD ./Drivers/STM32H7xx_HAL_Driver/Src/stm32h7xx_hal_pwr.o
LOAD ./Drivers/STM32H7xx_HAL_Driver/Src/stm32h7xx_hal_pwr_ex.o
LOAD ./Drivers/STM32H7xx_HAL_Driver/Src/stm32h7xx_hal_rcc.o
LOAD ./Drivers/STM32H7xx_HAL_Driver/Src/stm32h7xx_hal_rcc_ex.o
LOAD ./Drivers/STM32H7xx_HAL_Driver/Src/stm32h7xx_hal_rng.o
LOAD ./Drivers/STM32H7xx_HAL_Driver/Src/stm32h7xx_hal_rng_ex.o
LOAD ./Drivers/STM32H7xx_HAL_Driver/Src/stm32h7xx_hal_spi.o
LOAD ./Drivers/STM32H7xx_HAL_Driver/Src/stm32h7xx_hal_spi_ex.o
LOAD ./Drivers/STM32H7xx_HAL_Driver/Src/stm32h7xx_hal_tim.o
LOAD ./Drivers/STM32H7xx_HAL_Driver/Src/stm32h7xx_hal_tim_ex.o
LOAD ./Drivers/STM32H7xx_HAL_Driver/Src/stm32h7xx_hal_uart.o
LOAD ./Drivers/STM32H7xx_HAL_Driver/Src/stm32h7xx_hal_uart_ex.o
LOAD ./Drivers/STM32H7xx_HAL_Driver/Src/stm32h7xx_ll_sdmmc.o
LOAD ./Drivers/STM32H7xx_HAL_Driver/Src/stm32h7xx_ll_usb.o
START GROUP
LOAD C:/ST/STM32CubeIDE_1.14.1/STM32CubeIDE/plugins/com.st.stm32cube.ide.mcu.externaltools.gnu-tools-for-stm32.11.3.rel1.win32_1.1.100.202309141235/tools/bin/../lib/gcc/arm-none-eabi/11.3.1/../../../../arm-none-eabi/lib/thumb/v7e-m+dp/hard\libstdc++_nano.a
LOAD C:/ST/STM32CubeIDE_1.14.1/STM32CubeIDE/plugins/com.st.stm32cube.ide.mcu.externaltools.gnu-tools-for-stm32.11.3.rel1.win32_1.1.100.202309141235/tools/bin/../lib/gcc/arm-none-eabi/11.3.1/../../../../arm-none-eabi/lib/thumb/v7e-m+dp/hard\libsupc++_nano.a
END GROUP
LOAD C:/ST/STM32CubeIDE_1.14.1/STM32CubeIDE/plugins/com.st.stm32cube.ide.mcu.externaltools.gnu-tools-for-stm32.11.3.rel1.win32_1.1.100.202309141235/tools/bin/../lib/gcc/arm-none-eabi/11.3.1/../../../../arm-none-eabi/lib/thumb/v7e-m+dp/hard\libstdc++_nano.a
LOAD C:/ST/STM32CubeIDE_1.14.1/STM32CubeIDE/plugins/com.st.stm32cube.ide.mcu.externaltools.gnu-tools-for-stm32.11.3.rel1.win32_1.1.100.202309141235/tools/bin/../lib/gcc/arm-none-eabi/11.3.1/../../../../arm-none-eabi/lib/thumb/v7e-m+dp/hard\libm.a
LOAD C:/ST/STM32CubeIDE_1.14.1/STM32CubeIDE/plugins/com.st.stm32cube.ide.mcu.externaltools.gnu-tools-for-stm32.11.3.rel1.win32_1.1.100.202309141235/tools/bin/../lib/gcc/arm-none-eabi/11.3.1/../../../../arm-none-eabi/lib/thumb/v7e-m+dp/hard\libc_nano.a
START GROUP
LOAD C:/ST/STM32CubeIDE_1.14.1/STM32CubeIDE/plugins/com.st.stm32cube.ide.mcu.externaltools.gnu-tools-for-stm32.11.3.rel1.win32_1.1.100.202309141235/tools/bin/../lib/gcc/arm-none-eabi/11.3.1/thumb/v7e-m+dp/hard\libgcc.a
LOAD C:/ST/STM32CubeIDE_1.14.1/STM32CubeIDE/plugins/com.st.stm32cube.ide.mcu.externaltools.gnu-tools-for-stm32.11.3.rel1.win32_1.1.100.202309141235/tools/bin/../lib/gcc/arm-none-eabi/11.3.1/../../../../arm-none-eabi/lib/thumb/v7e-m+dp/hard\libc_nano.a
END GROUP
START GROUP
LOAD C:/ST/STM32CubeIDE_1.14.1/STM32CubeIDE/plugins/com.st.stm32cube.ide.mcu.externaltools.gnu-tools-for-stm32.11.3.rel1.win32_1.1.100.202309141235/tools/bin/../lib/gcc/arm-none-eabi/11.3.1/thumb/v7e-m+dp/hard\libgcc.a
LOAD C:/ST/STM32CubeIDE_1.14.1/STM32CubeIDE/plugins/com.st.stm32cube.ide.mcu.externaltools.gnu-tools-for-stm32.11.3.rel1.win32_1.1.100.202309141235/tools/bin/../lib/gcc/arm-none-eabi/11.3.1/../../../../arm-none-eabi/lib/thumb/v7e-m+dp/hard\libc_nano.a
LOAD C:/ST/STM32CubeIDE_1.14.1/STM32CubeIDE/plugins/com.st.stm32cube.ide.mcu.externaltools.gnu-tools-for-stm32.11.3.rel1.win32_1.1.100.202309141235/tools/bin/../lib/gcc/arm-none-eabi/11.3.1/../../../../arm-none-eabi/lib/thumb/v7e-m+dp/hard\libnosys.a
END GROUP
START GROUP
LOAD C:/ST/STM32CubeIDE_1.14.1/STM32CubeIDE/plugins/com.st.stm32cube.ide.mcu.externaltools.gnu-tools-for-stm32.11.3.rel1.win32_1.1.100.202309141235/tools/bin/../lib/gcc/arm-none-eabi/11.3.1/thumb/v7e-m+dp/hard\libgcc.a
LOAD C:/ST/STM32CubeIDE_1.14.1/STM32CubeIDE/plugins/com.st.stm32cube.ide.mcu.externaltools.gnu-tools-for-stm32.11.3.rel1.win32_1.1.100.202309141235/tools/bin/../lib/gcc/arm-none-eabi/11.3.1/../../../../arm-none-eabi/lib/thumb/v7e-m+dp/hard\libc_nano.a
LOAD C:/ST/STM32CubeIDE_1.14.1/STM32CubeIDE/plugins/com.st.stm32cube.ide.mcu.externaltools.gnu-tools-for-stm32.11.3.rel1.win32_1.1.100.202309141235/tools/bin/../lib/gcc/arm-none-eabi/11.3.1/../../../../arm-none-eabi/lib/thumb/v7e-m+dp/hard\libnosys.a
END GROUP
LOAD C:/ST/STM32CubeIDE_1.14.1/STM32CubeIDE/plugins/com.st.stm32cube.ide.mcu.externaltools.gnu-tools-for-stm32.11.3.rel1.win32_1.1.100.202309141235/tools/bin/../lib/gcc/arm-none-eabi/11.3.1/thumb/v7e-m+dp/hard/crtend.o
LOAD C:/ST/STM32CubeIDE_1.14.1/STM32CubeIDE/plugins/com.st.stm32cube.ide.mcu.externaltools.gnu-tools-for-stm32.11.3.rel1.win32_1.1.100.202309141235/tools/bin/../lib/gcc/arm-none-eabi/11.3.1/thumb/v7e-m+dp/hard/crtn.o
                0x0000000024050000                _estack = (ORIGIN (RAM_D1) + LENGTH (RAM_D1))
                0x0000000000000200                _Min_Heap_Size = 0x200
                0x0000000000000400                _Min_Stack_Size = 0x400

.isr_vector     0x0000000008000000      0x2cc
                0x0000000008000000                . = ALIGN (0x4)
 *(.isr_vector)
 .isr_vector    0x0000000008000000      0x2cc ./Core/Startup/startup_stm32h723vghx.o
                0x0000000008000000                g_pfnVectors
                0x00000000080002cc                . = ALIGN (0x4)

.text           0x00000000080002cc     0xbe0c
                0x00000000080002cc                . = ALIGN (0x4)
 *(.text)
 .text          0x00000000080002cc       0x40 C:/ST/STM32CubeIDE_1.14.1/STM32CubeIDE/plugins/com.st.stm32cube.ide.mcu.externaltools.gnu-tools-for-stm32.11.3.rel1.win32_1.1.100.202309141235/tools/bin/../lib/gcc/arm-none-eabi/11.3.1/thumb/v7e-m+dp/hard/crtbegin.o
 .text          0x000000000800030c       0x30 C:/ST/STM32CubeIDE_1.14.1/STM32CubeIDE/plugins/com.st.stm32cube.ide.mcu.externaltools.gnu-tools-for-stm32.11.3.rel1.win32_1.1.100.202309141235/tools/bin/../lib/gcc/arm-none-eabi/11.3.1/thumb/v7e-m+dp/hard\libgcc.a(_aeabi_uldivmod.o)
                0x000000000800030c                __aeabi_uldivmod
 .text          0x000000000800033c      0x2c8 C:/ST/STM32CubeIDE_1.14.1/STM32CubeIDE/plugins/com.st.stm32cube.ide.mcu.externaltools.gnu-tools-for-stm32.11.3.rel1.win32_1.1.100.202309141235/tools/bin/../lib/gcc/arm-none-eabi/11.3.1/thumb/v7e-m+dp/hard\libgcc.a(_udivmoddi4.o)
                0x000000000800033c                __udivmoddi4
 .text          0x0000000008000604        0x4 C:/ST/STM32CubeIDE_1.14.1/STM32CubeIDE/plugins/com.st.stm32cube.ide.mcu.externaltools.gnu-tools-for-stm32.11.3.rel1.win32_1.1.100.202309141235/tools/bin/../lib/gcc/arm-none-eabi/11.3.1/thumb/v7e-m+dp/hard\libgcc.a(_dvmd_tls.o)
                0x0000000008000604                __aeabi_idiv0
                0x0000000008000604                __aeabi_ldiv0
 *(.text*)
 .text.main     0x0000000008000608       0x6c ./Core/Src/main.o
                0x0000000008000608                main
 .text.SystemClock_Config
                0x0000000008000674       0xe4 ./Core/Src/main.o
                0x0000000008000674                SystemClock_Config
 .text.PeriphCommonClock_Config
                0x0000000008000758       0x6c ./Core/Src/main.o
                0x0000000008000758                PeriphCommonClock_Config
 .text.MX_ADC1_Init
                0x00000000080007c4       0xf0 ./Core/Src/main.o
 .text.MX_CORDIC_Init
                0x00000000080008b4       0x28 ./Core/Src/main.o
 .text.MX_CRC_Init
                0x00000000080008dc       0x44 ./Core/Src/main.o
 .text.MX_FMAC_Init
                0x0000000008000920       0x28 ./Core/Src/main.o
 .text.MX_I2C1_Init
                0x0000000008000948       0x80 ./Core/Src/main.o
 .text.MX_I2C2_Init
                0x00000000080009c8       0x80 ./Core/Src/main.o
 .text.MX_I2C3_Init
                0x0000000008000a48       0x80 ./Core/Src/main.o
 .text.MX_I2C4_Init
                0x0000000008000ac8       0x80 ./Core/Src/main.o
 .text.MX_RNG_Init
                0x0000000008000b48       0x2c ./Core/Src/main.o
 .text.MX_SDMMC1_MMC_Init
                0x0000000008000b74       0x44 ./Core/Src/main.o
 .text.MX_SPI1_Init
                0x0000000008000bb8       0xac ./Core/Src/main.o
 .text.MX_SPI2_Init
                0x0000000008000c64       0xac ./Core/Src/main.o
 .text.MX_SPI3_Init
                0x0000000008000d10       0xac ./Core/Src/main.o
 .text.MX_SPI4_Init
                0x0000000008000dbc       0xac ./Core/Src/main.o
 .text.MX_SPI6_Init
                0x0000000008000e68       0xac ./Core/Src/main.o
 .text.MX_USART2_UART_Init
                0x0000000008000f14       0x98 ./Core/Src/main.o
 .text.HAL_UART_RxCpltCallback
                0x0000000008000fac       0x78 ./Core/Src/main.o
                0x0000000008000fac                HAL_UART_RxCpltCallback
 .text.MX_USB_OTG_HS_PCD_Init
                0x0000000008001024       0x64 ./Core/Src/main.o
 .text.MX_GPIO_Init
                0x0000000008001088      0x18c ./Core/Src/main.o
 .text.Error_Handler
                0x0000000008001214        0xa ./Core/Src/main.o
                0x0000000008001214                Error_Handler
 *fill*         0x000000000800121e        0x2 
 .text.HAL_MspInit
                0x0000000008001220       0x34 ./Core/Src/stm32h7xx_hal_msp.o
                0x0000000008001220                HAL_MspInit
 .text.HAL_ADC_MspInit
                0x0000000008001254       0x8c ./Core/Src/stm32h7xx_hal_msp.o
                0x0000000008001254                HAL_ADC_MspInit
 .text.HAL_CORDIC_MspInit
                0x00000000080012e0       0x44 ./Core/Src/stm32h7xx_hal_msp.o
                0x00000000080012e0                HAL_CORDIC_MspInit
 .text.HAL_CRC_MspInit
                0x0000000008001324       0x44 ./Core/Src/stm32h7xx_hal_msp.o
                0x0000000008001324                HAL_CRC_MspInit
 .text.HAL_FMAC_MspInit
                0x0000000008001368       0x44 ./Core/Src/stm32h7xx_hal_msp.o
                0x0000000008001368                HAL_FMAC_MspInit
 .text.HAL_I2C_MspInit
                0x00000000080013ac      0x34c ./Core/Src/stm32h7xx_hal_msp.o
                0x00000000080013ac                HAL_I2C_MspInit
 .text.HAL_RNG_MspInit
                0x00000000080016f8       0x74 ./Core/Src/stm32h7xx_hal_msp.o
                0x00000000080016f8                HAL_RNG_MspInit
 .text.HAL_MMC_MspInit
                0x000000000800176c       0xd8 ./Core/Src/stm32h7xx_hal_msp.o
                0x000000000800176c                HAL_MMC_MspInit
 .text.HAL_SPI_MspInit
                0x0000000008001844      0x630 ./Core/Src/stm32h7xx_hal_msp.o
                0x0000000008001844                HAL_SPI_MspInit
 .text.HAL_UART_MspInit
                0x0000000008001e74       0xd0 ./Core/Src/stm32h7xx_hal_msp.o
                0x0000000008001e74                HAL_UART_MspInit
 .text.HAL_PCD_MspInit
                0x0000000008001f44       0x7c ./Core/Src/stm32h7xx_hal_msp.o
                0x0000000008001f44                HAL_PCD_MspInit
 .text.NMI_Handler
                0x0000000008001fc0        0x6 ./Core/Src/stm32h7xx_it.o
                0x0000000008001fc0                NMI_Handler
 .text.HardFault_Handler
                0x0000000008001fc6        0x6 ./Core/Src/stm32h7xx_it.o
                0x0000000008001fc6                HardFault_Handler
 .text.MemManage_Handler
                0x0000000008001fcc        0x6 ./Core/Src/stm32h7xx_it.o
                0x0000000008001fcc                MemManage_Handler
 .text.BusFault_Handler
                0x0000000008001fd2        0x6 ./Core/Src/stm32h7xx_it.o
                0x0000000008001fd2                BusFault_Handler
 .text.UsageFault_Handler
                0x0000000008001fd8        0x6 ./Core/Src/stm32h7xx_it.o
                0x0000000008001fd8                UsageFault_Handler
 .text.SVC_Handler
                0x0000000008001fde        0xe ./Core/Src/stm32h7xx_it.o
                0x0000000008001fde                SVC_Handler
 .text.DebugMon_Handler
                0x0000000008001fec        0xe ./Core/Src/stm32h7xx_it.o
                0x0000000008001fec                DebugMon_Handler
 .text.PendSV_Handler
                0x0000000008001ffa        0xe ./Core/Src/stm32h7xx_it.o
                0x0000000008001ffa                PendSV_Handler
 .text.SysTick_Handler
                0x0000000008002008        0xc ./Core/Src/stm32h7xx_it.o
                0x0000000008002008                SysTick_Handler
 .text.SystemInit
                0x0000000008002014       0xf0 ./Core/Src/system_stm32h7xx.o
                0x0000000008002014                SystemInit
 .text.Reset_Handler
                0x0000000008002104       0x50 ./Core/Startup/startup_stm32h723vghx.o
                0x0000000008002104                Reset_Handler
 .text.Default_Handler
                0x0000000008002154        0x2 ./Core/Startup/startup_stm32h723vghx.o
                0x0000000008002154                RTC_Alarm_IRQHandler
                0x0000000008002154                EXTI2_IRQHandler
                0x0000000008002154                TIM8_CC_IRQHandler
                0x0000000008002154                UART8_IRQHandler
                0x0000000008002154                SPI4_IRQHandler
                0x0000000008002154                FDCAN3_IT0_IRQHandler
                0x0000000008002154                TIM1_CC_IRQHandler
                0x0000000008002154                BDMA_Channel6_IRQHandler
                0x0000000008002154                DMA2_Stream5_IRQHandler
                0x0000000008002154                DMA1_Stream5_IRQHandler
                0x0000000008002154                CORDIC_IRQHandler
                0x0000000008002154                BDMA_Channel1_IRQHandler
                0x0000000008002154                TAMP_STAMP_IRQHandler
                0x0000000008002154                EXTI3_IRQHandler
                0x0000000008002154                LPTIM4_IRQHandler
                0x0000000008002154                TIM8_TRG_COM_TIM14_IRQHandler
                0x0000000008002154                LPTIM2_IRQHandler
                0x0000000008002154                DFSDM1_FLT1_IRQHandler
                0x0000000008002154                DMAMUX2_OVR_IRQHandler
                0x0000000008002154                TIM8_UP_TIM13_IRQHandler
                0x0000000008002154                I2C3_ER_IRQHandler
                0x0000000008002154                DFSDM1_FLT2_IRQHandler
                0x0000000008002154                I2C5_EV_IRQHandler
                0x0000000008002154                USART10_IRQHandler
                0x0000000008002154                MDMA_IRQHandler
                0x0000000008002154                LPTIM3_IRQHandler
                0x0000000008002154                HSEM1_IRQHandler
                0x0000000008002154                EXTI0_IRQHandler
                0x0000000008002154                I2C2_EV_IRQHandler
                0x0000000008002154                DMA1_Stream2_IRQHandler
                0x0000000008002154                FPU_IRQHandler
                0x0000000008002154                OTG_HS_WKUP_IRQHandler
                0x0000000008002154                FDCAN1_IT1_IRQHandler
                0x0000000008002154                LTDC_ER_IRQHandler
                0x0000000008002154                DMA2_Stream2_IRQHandler
                0x0000000008002154                SPI1_IRQHandler
                0x0000000008002154                OCTOSPI1_IRQHandler
                0x0000000008002154                TIM6_DAC_IRQHandler
                0x0000000008002154                DMA2_Stream3_IRQHandler
                0x0000000008002154                OCTOSPI2_IRQHandler
                0x0000000008002154                DFSDM1_FLT3_IRQHandler
                0x0000000008002154                TIM23_IRQHandler
                0x0000000008002154                USART6_IRQHandler
                0x0000000008002154                TIM17_IRQHandler
                0x0000000008002154                USART3_IRQHandler
                0x0000000008002154                BDMA_Channel7_IRQHandler
                0x0000000008002154                LPTIM5_IRQHandler
                0x0000000008002154                UART5_IRQHandler
                0x0000000008002154                ADC3_IRQHandler
                0x0000000008002154                DMA2_Stream0_IRQHandler
                0x0000000008002154                TIM4_IRQHandler
                0x0000000008002154                BDMA_Channel2_IRQHandler
                0x0000000008002154                I2C1_EV_IRQHandler
                0x0000000008002154                DMA1_Stream6_IRQHandler
                0x0000000008002154                DMAMUX1_OVR_IRQHandler
                0x0000000008002154                DMA1_Stream1_IRQHandler
                0x0000000008002154                TIM16_IRQHandler
                0x0000000008002154                UART4_IRQHandler
                0x0000000008002154                BDMA_Channel5_IRQHandler
                0x0000000008002154                TIM3_IRQHandler
                0x0000000008002154                RCC_IRQHandler
                0x0000000008002154                UART9_IRQHandler
                0x0000000008002154                TIM8_BRK_TIM12_IRQHandler
                0x0000000008002154                TIM1_TRG_COM_IRQHandler
                0x0000000008002154                Default_Handler
                0x0000000008002154                ECC_IRQHandler
                0x0000000008002154                FMAC_IRQHandler
                0x0000000008002154                CEC_IRQHandler
                0x0000000008002154                EXTI15_10_IRQHandler
                0x0000000008002154                BDMA_Channel0_IRQHandler
                0x0000000008002154                ADC_IRQHandler
                0x0000000008002154                I2C5_ER_IRQHandler
                0x0000000008002154                DMA1_Stream7_IRQHandler
                0x0000000008002154                SPI5_IRQHandler
                0x0000000008002154                TIM7_IRQHandler
                0x0000000008002154                FDCAN3_IT1_IRQHandler
                0x0000000008002154                SDMMC1_IRQHandler
                0x0000000008002154                TIM5_IRQHandler
                0x0000000008002154                DMA2_Stream7_IRQHandler
                0x0000000008002154                TIM15_IRQHandler
                0x0000000008002154                PVD_AVD_IRQHandler
                0x0000000008002154                I2C3_EV_IRQHandler
                0x0000000008002154                EXTI9_5_IRQHandler
                0x0000000008002154                RTC_WKUP_IRQHandler
                0x0000000008002154                LTDC_IRQHandler
                0x0000000008002154                ETH_WKUP_IRQHandler
                0x0000000008002154                SPDIF_RX_IRQHandler
                0x0000000008002154                SPI2_IRQHandler
                0x0000000008002154                OTG_HS_EP1_IN_IRQHandler
                0x0000000008002154                DMA1_Stream0_IRQHandler
                0x0000000008002154                TIM24_IRQHandler
                0x0000000008002154                CRS_IRQHandler
                0x0000000008002154                EXTI4_IRQHandler
                0x0000000008002154                RNG_IRQHandler
                0x0000000008002154                FDCAN2_IT1_IRQHandler
                0x0000000008002154                ETH_IRQHandler
                0x0000000008002154                TIM1_UP_IRQHandler
                0x0000000008002154                BDMA_Channel4_IRQHandler
                0x0000000008002154                OTG_HS_EP1_OUT_IRQHandler
                0x0000000008002154                WWDG_IRQHandler
                0x0000000008002154                SPI6_IRQHandler
                0x0000000008002154                MDIOS_IRQHandler
                0x0000000008002154                I2C4_EV_IRQHandler
                0x0000000008002154                FDCAN2_IT0_IRQHandler
                0x0000000008002154                LPUART1_IRQHandler
                0x0000000008002154                FDCAN1_IT0_IRQHandler
                0x0000000008002154                TIM2_IRQHandler
                0x0000000008002154                OTG_HS_IRQHandler
                0x0000000008002154                DMA2D_IRQHandler
                0x0000000008002154                TIM1_BRK_IRQHandler
                0x0000000008002154                EXTI1_IRQHandler
                0x0000000008002154                SDMMC2_IRQHandler
                0x0000000008002154                BDMA_Channel3_IRQHandler
                0x0000000008002154                DTS_IRQHandler
                0x0000000008002154                UART7_IRQHandler
                0x0000000008002154                MDIOS_WKUP_IRQHandler
                0x0000000008002154                USART2_IRQHandler
                0x0000000008002154                DFSDM1_FLT0_IRQHandler
                0x0000000008002154                SAI4_IRQHandler
                0x0000000008002154                I2C2_ER_IRQHandler
                0x0000000008002154                DMA2_Stream1_IRQHandler
                0x0000000008002154                FLASH_IRQHandler
                0x0000000008002154                DMA2_Stream4_IRQHandler
                0x0000000008002154                USART1_IRQHandler
                0x0000000008002154                SPI3_IRQHandler
                0x0000000008002154                WAKEUP_PIN_IRQHandler
                0x0000000008002154                DMA1_Stream4_IRQHandler
                0x0000000008002154                I2C1_ER_IRQHandler
                0x0000000008002154                FMC_IRQHandler
                0x0000000008002154                FDCAN_CAL_IRQHandler
                0x0000000008002154                SWPMI1_IRQHandler
                0x0000000008002154                COMP1_IRQHandler
                0x0000000008002154                LPTIM1_IRQHandler
                0x0000000008002154                DCMI_PSSI_IRQHandler
                0x0000000008002154                I2C4_ER_IRQHandler
                0x0000000008002154                DMA2_Stream6_IRQHandler
                0x0000000008002154                SAI1_IRQHandler
                0x0000000008002154                DMA1_Stream3_IRQHandler
 *fill*         0x0000000008002156        0x2 
 .text.HAL_Init
                0x0000000008002158       0x78 ./Drivers/STM32H7xx_HAL_Driver/Src/stm32h7xx_hal.o
                0x0000000008002158                HAL_Init
 .text.HAL_InitTick
                0x00000000080021d0       0x6c ./Drivers/STM32H7xx_HAL_Driver/Src/stm32h7xx_hal.o
                0x00000000080021d0                HAL_InitTick
 .text.HAL_IncTick
                0x000000000800223c       0x28 ./Drivers/STM32H7xx_HAL_Driver/Src/stm32h7xx_hal.o
                0x000000000800223c                HAL_IncTick
 .text.HAL_GetTick
                0x0000000008002264       0x18 ./Drivers/STM32H7xx_HAL_Driver/Src/stm32h7xx_hal.o
                0x0000000008002264                HAL_GetTick
 .text.HAL_Delay
                0x000000000800227c       0x48 ./Drivers/STM32H7xx_HAL_Driver/Src/stm32h7xx_hal.o
                0x000000000800227c                HAL_Delay
 .text.LL_ADC_SetCommonClock
                0x00000000080022c4       0x26 ./Drivers/STM32H7xx_HAL_Driver/Src/stm32h7xx_hal_adc.o
 .text.LL_ADC_SetCommonPathInternalCh
                0x00000000080022ea       0x26 ./Drivers/STM32H7xx_HAL_Driver/Src/stm32h7xx_hal_adc.o
 .text.LL_ADC_GetCommonPathInternalCh
                0x0000000008002310       0x1c ./Drivers/STM32H7xx_HAL_Driver/Src/stm32h7xx_hal_adc.o
 .text.LL_ADC_SetOffset
                0x000000000800232c       0x64 ./Drivers/STM32H7xx_HAL_Driver/Src/stm32h7xx_hal_adc.o
 .text.LL_ADC_GetOffsetChannel
                0x0000000008002390       0x2c ./Drivers/STM32H7xx_HAL_Driver/Src/stm32h7xx_hal_adc.o
 .text.LL_ADC_SetDataRightShift
                0x00000000080023bc       0x32 ./Drivers/STM32H7xx_HAL_Driver/Src/stm32h7xx_hal_adc.o
 *fill*         0x00000000080023ee        0x2 
 .text.LL_ADC_SetOffsetSignedSaturation
                0x00000000080023f0       0x44 ./Drivers/STM32H7xx_HAL_Driver/Src/stm32h7xx_hal_adc.o
 .text.LL_ADC_SetOffsetSaturation
                0x0000000008002434       0x44 ./Drivers/STM32H7xx_HAL_Driver/Src/stm32h7xx_hal_adc.o
 .text.LL_ADC_SetOffsetSign
                0x0000000008002478       0x44 ./Drivers/STM32H7xx_HAL_Driver/Src/stm32h7xx_hal_adc.o
 .text.LL_ADC_SetOffsetState
                0x00000000080024bc       0x54 ./Drivers/STM32H7xx_HAL_Driver/Src/stm32h7xx_hal_adc.o
 .text.LL_ADC_REG_SetSequencerRanks
                0x0000000008002510       0x58 ./Drivers/STM32H7xx_HAL_Driver/Src/stm32h7xx_hal_adc.o
 .text.LL_ADC_SetChannelSamplingTime
                0x0000000008002568       0x56 ./Drivers/STM32H7xx_HAL_Driver/Src/stm32h7xx_hal_adc.o
 *fill*         0x00000000080025be        0x2 
 .text.LL_ADC_SetChannelSingleDiff
                0x00000000080025c0       0x80 ./Drivers/STM32H7xx_HAL_Driver/Src/stm32h7xx_hal_adc.o
 .text.LL_ADC_DisableDeepPowerDown
                0x0000000008002640       0x24 ./Drivers/STM32H7xx_HAL_Driver/Src/stm32h7xx_hal_adc.o
 .text.LL_ADC_IsDeepPowerDownEnabled
                0x0000000008002664       0x28 ./Drivers/STM32H7xx_HAL_Driver/Src/stm32h7xx_hal_adc.o
 .text.LL_ADC_EnableInternalRegulator
                0x000000000800268c       0x28 ./Drivers/STM32H7xx_HAL_Driver/Src/stm32h7xx_hal_adc.o
 .text.LL_ADC_IsInternalRegulatorEnabled
                0x00000000080026b4       0x28 ./Drivers/STM32H7xx_HAL_Driver/Src/stm32h7xx_hal_adc.o
 .text.LL_ADC_IsEnabled
                0x00000000080026dc       0x26 ./Drivers/STM32H7xx_HAL_Driver/Src/stm32h7xx_hal_adc.o
 .text.LL_ADC_REG_IsConversionOngoing
                0x0000000008002702       0x26 ./Drivers/STM32H7xx_HAL_Driver/Src/stm32h7xx_hal_adc.o
 .text.LL_ADC_INJ_IsConversionOngoing
                0x0000000008002728       0x26 ./Drivers/STM32H7xx_HAL_Driver/Src/stm32h7xx_hal_adc.o
 *fill*         0x000000000800274e        0x2 
 .text.HAL_ADC_Init
                0x0000000008002750      0x410 ./Drivers/STM32H7xx_HAL_Driver/Src/stm32h7xx_hal_adc.o
                0x0000000008002750                HAL_ADC_Init
 .text.HAL_ADC_ConfigChannel
                0x0000000008002b60      0xa58 ./Drivers/STM32H7xx_HAL_Driver/Src/stm32h7xx_hal_adc.o
                0x0000000008002b60                HAL_ADC_ConfigChannel
 .text.ADC_ConfigureBoostMode
                0x00000000080035b8      0x1dc ./Drivers/STM32H7xx_HAL_Driver/Src/stm32h7xx_hal_adc.o
                0x00000000080035b8                ADC_ConfigureBoostMode
 .text.LL_ADC_IsEnabled
                0x0000000008003794       0x26 ./Drivers/STM32H7xx_HAL_Driver/Src/stm32h7xx_hal_adc_ex.o
 .text.LL_ADC_REG_IsConversionOngoing
                0x00000000080037ba       0x26 ./Drivers/STM32H7xx_HAL_Driver/Src/stm32h7xx_hal_adc_ex.o
 .text.HAL_ADCEx_MultiModeConfigChannel
                0x00000000080037e0      0x1c4 ./Drivers/STM32H7xx_HAL_Driver/Src/stm32h7xx_hal_adc_ex.o
                0x00000000080037e0                HAL_ADCEx_MultiModeConfigChannel
 .text.HAL_CORDIC_Init
                0x00000000080039a4       0x62 ./Drivers/STM32H7xx_HAL_Driver/Src/stm32h7xx_hal_cordic.o
                0x00000000080039a4                HAL_CORDIC_Init
 *fill*         0x0000000008003a06        0x2 
 .text.__NVIC_SetPriorityGrouping
                0x0000000008003a08       0x48 ./Drivers/STM32H7xx_HAL_Driver/Src/stm32h7xx_hal_cortex.o
 .text.__NVIC_GetPriorityGrouping
                0x0000000008003a50       0x1c ./Drivers/STM32H7xx_HAL_Driver/Src/stm32h7xx_hal_cortex.o
 .text.__NVIC_SetPriority
                0x0000000008003a6c       0x54 ./Drivers/STM32H7xx_HAL_Driver/Src/stm32h7xx_hal_cortex.o
 .text.NVIC_EncodePriority
                0x0000000008003ac0       0x66 ./Drivers/STM32H7xx_HAL_Driver/Src/stm32h7xx_hal_cortex.o
 *fill*         0x0000000008003b26        0x2 
 .text.SysTick_Config
                0x0000000008003b28       0x44 ./Drivers/STM32H7xx_HAL_Driver/Src/stm32h7xx_hal_cortex.o
 .text.HAL_NVIC_SetPriorityGrouping
                0x0000000008003b6c       0x16 ./Drivers/STM32H7xx_HAL_Driver/Src/stm32h7xx_hal_cortex.o
                0x0000000008003b6c                HAL_NVIC_SetPriorityGrouping
 .text.HAL_NVIC_SetPriority
                0x0000000008003b82       0x34 ./Drivers/STM32H7xx_HAL_Driver/Src/stm32h7xx_hal_cortex.o
                0x0000000008003b82                HAL_NVIC_SetPriority
 .text.HAL_SYSTICK_Config
                0x0000000008003bb6       0x18 ./Drivers/STM32H7xx_HAL_Driver/Src/stm32h7xx_hal_cortex.o
                0x0000000008003bb6                HAL_SYSTICK_Config
 *fill*         0x0000000008003bce        0x2 
 .text.HAL_CRC_Init
                0x0000000008003bd0       0xc8 ./Drivers/STM32H7xx_HAL_Driver/Src/stm32h7xx_hal_crc.o
                0x0000000008003bd0                HAL_CRC_Init
 .text.HAL_CRCEx_Polynomial_Set
                0x0000000008003c98      0x11c ./Drivers/STM32H7xx_HAL_Driver/Src/stm32h7xx_hal_crc_ex.o
                0x0000000008003c98                HAL_CRCEx_Polynomial_Set
 .text.HAL_FMAC_Init
                0x0000000008003db4       0x82 ./Drivers/STM32H7xx_HAL_Driver/Src/stm32h7xx_hal_fmac.o
                0x0000000008003db4                HAL_FMAC_Init
 .text.FMAC_Reset
                0x0000000008003e36       0x5e ./Drivers/STM32H7xx_HAL_Driver/Src/stm32h7xx_hal_fmac.o
 .text.FMAC_ResetDataPointers
                0x0000000008003e94       0x1c ./Drivers/STM32H7xx_HAL_Driver/Src/stm32h7xx_hal_fmac.o
 .text.FMAC_ResetInputStateAndDataPointers
                0x0000000008003eb0       0x2e ./Drivers/STM32H7xx_HAL_Driver/Src/stm32h7xx_hal_fmac.o
 .text.FMAC_ResetOutputStateAndDataPointers
                0x0000000008003ede       0x2e ./Drivers/STM32H7xx_HAL_Driver/Src/stm32h7xx_hal_fmac.o
 .text.HAL_GPIO_Init
                0x0000000008003f0c      0x350 ./Drivers/STM32H7xx_HAL_Driver/Src/stm32h7xx_hal_gpio.o
                0x0000000008003f0c                HAL_GPIO_Init
 .text.HAL_GPIO_WritePin
                0x000000000800425c       0x32 ./Drivers/STM32H7xx_HAL_Driver/Src/stm32h7xx_hal_gpio.o
                0x000000000800425c                HAL_GPIO_WritePin
 *fill*         0x000000000800428e        0x2 
 .text.HAL_I2C_Init
                0x0000000008004290      0x120 ./Drivers/STM32H7xx_HAL_Driver/Src/stm32h7xx_hal_i2c.o
                0x0000000008004290                HAL_I2C_Init
 .text.HAL_I2CEx_ConfigAnalogFilter
                0x00000000080043b0       0x96 ./Drivers/STM32H7xx_HAL_Driver/Src/stm32h7xx_hal_i2c_ex.o
                0x00000000080043b0                HAL_I2CEx_ConfigAnalogFilter
 .text.HAL_I2CEx_ConfigDigitalFilter
                0x0000000008004446       0x98 ./Drivers/STM32H7xx_HAL_Driver/Src/stm32h7xx_hal_i2c_ex.o
                0x0000000008004446                HAL_I2CEx_ConfigDigitalFilter
 .text.HAL_MMC_Init
                0x00000000080044de       0x7e ./Drivers/STM32H7xx_HAL_Driver/Src/stm32h7xx_hal_mmc.o
                0x00000000080044de                HAL_MMC_Init
 .text.HAL_MMC_InitCard
                0x000000000800455c      0x138 ./Drivers/STM32H7xx_HAL_Driver/Src/stm32h7xx_hal_mmc.o
                0x000000000800455c                HAL_MMC_InitCard
 .text.HAL_MMC_GetCardCSD
                0x0000000008004694      0x348 ./Drivers/STM32H7xx_HAL_Driver/Src/stm32h7xx_hal_mmc.o
                0x0000000008004694                HAL_MMC_GetCardCSD
 .text.HAL_MMC_GetCardExtCSD
                0x00000000080049dc      0x1f8 ./Drivers/STM32H7xx_HAL_Driver/Src/stm32h7xx_hal_mmc.o
                0x00000000080049dc                HAL_MMC_GetCardExtCSD
 .text.HAL_MMC_ConfigWideBusOperation
                0x0000000008004bd4      0x198 ./Drivers/STM32H7xx_HAL_Driver/Src/stm32h7xx_hal_mmc.o
                0x0000000008004bd4                HAL_MMC_ConfigWideBusOperation
 .text.MMC_InitCard
                0x0000000008004d6c      0x1fa ./Drivers/STM32H7xx_HAL_Driver/Src/stm32h7xx_hal_mmc.o
 *fill*         0x0000000008004f66        0x2 
 .text.MMC_PowerON
                0x0000000008004f68       0xa0 ./Drivers/STM32H7xx_HAL_Driver/Src/stm32h7xx_hal_mmc.o
 .text.MMC_ReadExtCSD
                0x0000000008005008      0x1e8 ./Drivers/STM32H7xx_HAL_Driver/Src/stm32h7xx_hal_mmc.o
 .text.MMC_PwrClassUpdate
                0x00000000080051f0      0x140 ./Drivers/STM32H7xx_HAL_Driver/Src/stm32h7xx_hal_mmc.o
 .text.HAL_PCD_Init
                0x0000000008005330      0x248 ./Drivers/STM32H7xx_HAL_Driver/Src/stm32h7xx_hal_pcd.o
                0x0000000008005330                HAL_PCD_Init
 .text.HAL_PCDEx_ActivateLPM
                0x0000000008005578       0x48 ./Drivers/STM32H7xx_HAL_Driver/Src/stm32h7xx_hal_pcd_ex.o
                0x0000000008005578                HAL_PCDEx_ActivateLPM
 .text.HAL_PWREx_ConfigSupply
                0x00000000080055c0       0x74 ./Drivers/STM32H7xx_HAL_Driver/Src/stm32h7xx_hal_pwr_ex.o
                0x00000000080055c0                HAL_PWREx_ConfigSupply
 .text.HAL_PWREx_EnableUSBVoltageDetector
                0x0000000008005634       0x20 ./Drivers/STM32H7xx_HAL_Driver/Src/stm32h7xx_hal_pwr_ex.o
                0x0000000008005634                HAL_PWREx_EnableUSBVoltageDetector
 .text.HAL_RCC_OscConfig
                0x0000000008005654      0x7b4 ./Drivers/STM32H7xx_HAL_Driver/Src/stm32h7xx_hal_rcc.o
                0x0000000008005654                HAL_RCC_OscConfig
 .text.HAL_RCC_ClockConfig
                0x0000000008005e08      0x36c ./Drivers/STM32H7xx_HAL_Driver/Src/stm32h7xx_hal_rcc.o
                0x0000000008005e08                HAL_RCC_ClockConfig
 .text.HAL_RCC_GetSysClockFreq
                0x0000000008006174      0x2f4 ./Drivers/STM32H7xx_HAL_Driver/Src/stm32h7xx_hal_rcc.o
                0x0000000008006174                HAL_RCC_GetSysClockFreq
 .text.HAL_RCC_GetHCLKFreq
                0x0000000008006468       0x60 ./Drivers/STM32H7xx_HAL_Driver/Src/stm32h7xx_hal_rcc.o
                0x0000000008006468                HAL_RCC_GetHCLKFreq
 .text.HAL_RCC_GetPCLK1Freq
                0x00000000080064c8       0x2c ./Drivers/STM32H7xx_HAL_Driver/Src/stm32h7xx_hal_rcc.o
                0x00000000080064c8                HAL_RCC_GetPCLK1Freq
 .text.HAL_RCC_GetPCLK2Freq
                0x00000000080064f4       0x2c ./Drivers/STM32H7xx_HAL_Driver/Src/stm32h7xx_hal_rcc.o
                0x00000000080064f4                HAL_RCC_GetPCLK2Freq
 .text.HAL_RCCEx_PeriphCLKConfig
                0x0000000008006520     0x1340 ./Drivers/STM32H7xx_HAL_Driver/Src/stm32h7xx_hal_rcc_ex.o
                0x0000000008006520                HAL_RCCEx_PeriphCLKConfig
 .text.HAL_RCCEx_GetPeriphCLKFreq
                0x0000000008007860      0x9a4 ./Drivers/STM32H7xx_HAL_Driver/Src/stm32h7xx_hal_rcc_ex.o
                0x0000000008007860                HAL_RCCEx_GetPeriphCLKFreq
 .text.HAL_RCCEx_GetD3PCLK1Freq
                0x0000000008008204       0x2c ./Drivers/STM32H7xx_HAL_Driver/Src/stm32h7xx_hal_rcc_ex.o
                0x0000000008008204                HAL_RCCEx_GetD3PCLK1Freq
 .text.HAL_RCCEx_GetPLL2ClockFreq
                0x0000000008008230      0x2a8 ./Drivers/STM32H7xx_HAL_Driver/Src/stm32h7xx_hal_rcc_ex.o
                0x0000000008008230                HAL_RCCEx_GetPLL2ClockFreq
 .text.HAL_RCCEx_GetPLL3ClockFreq
                0x00000000080084d8      0x2a8 ./Drivers/STM32H7xx_HAL_Driver/Src/stm32h7xx_hal_rcc_ex.o
                0x00000000080084d8                HAL_RCCEx_GetPLL3ClockFreq
 .text.HAL_RCCEx_GetPLL1ClockFreq
                0x0000000008008780      0x2a4 ./Drivers/STM32H7xx_HAL_Driver/Src/stm32h7xx_hal_rcc_ex.o
                0x0000000008008780                HAL_RCCEx_GetPLL1ClockFreq
 .text.RCCEx_PLL2_Config
                0x0000000008008a24      0x164 ./Drivers/STM32H7xx_HAL_Driver/Src/stm32h7xx_hal_rcc_ex.o
 .text.RCCEx_PLL3_Config
                0x0000000008008b88      0x164 ./Drivers/STM32H7xx_HAL_Driver/Src/stm32h7xx_hal_rcc_ex.o
 .text.HAL_RNG_Init
                0x0000000008008cec      0x148 ./Drivers/STM32H7xx_HAL_Driver/Src/stm32h7xx_hal_rng.o
                0x0000000008008cec                HAL_RNG_Init
 .text.HAL_SPI_Init
                0x0000000008008e34      0x248 ./Drivers/STM32H7xx_HAL_Driver/Src/stm32h7xx_hal_spi.o
                0x0000000008008e34                HAL_SPI_Init
 .text.SPI_GetPacketSize
                0x000000000800907c       0x36 ./Drivers/STM32H7xx_HAL_Driver/Src/stm32h7xx_hal_spi.o
 .text.HAL_UART_Init
                0x00000000080090b2       0xa0 ./Drivers/STM32H7xx_HAL_Driver/Src/stm32h7xx_hal_uart.o
                0x00000000080090b2                HAL_UART_Init
 .text.HAL_UART_Transmit
                0x0000000008009152      0x11c ./Drivers/STM32H7xx_HAL_Driver/Src/stm32h7xx_hal_uart.o
                0x0000000008009152                HAL_UART_Transmit
 *fill*         0x000000000800926e        0x2 
 .text.HAL_UART_Receive_IT
                0x0000000008009270       0x98 ./Drivers/STM32H7xx_HAL_Driver/Src/stm32h7xx_hal_uart.o
                0x0000000008009270                HAL_UART_Receive_IT
 .text.HAL_UART_ErrorCallback
                0x0000000008009308       0x14 ./Drivers/STM32H7xx_HAL_Driver/Src/stm32h7xx_hal_uart.o
                0x0000000008009308                HAL_UART_ErrorCallback
 .text.HAL_UARTEx_RxEventCallback
                0x000000000800931c       0x18 ./Drivers/STM32H7xx_HAL_Driver/Src/stm32h7xx_hal_uart.o
                0x000000000800931c                HAL_UARTEx_RxEventCallback
 .text.UART_SetConfig
                0x0000000008009334      0xcd8 ./Drivers/STM32H7xx_HAL_Driver/Src/stm32h7xx_hal_uart.o
                0x0000000008009334                UART_SetConfig
 .text.UART_AdvFeatureConfig
                0x000000000800a00c      0x144 ./Drivers/STM32H7xx_HAL_Driver/Src/stm32h7xx_hal_uart.o
                0x000000000800a00c                UART_AdvFeatureConfig
 .text.UART_CheckIdleState
                0x000000000800a150      0x154 ./Drivers/STM32H7xx_HAL_Driver/Src/stm32h7xx_hal_uart.o
                0x000000000800a150                UART_CheckIdleState
 .text.UART_WaitOnFlagUntilTimeout
                0x000000000800a2a4       0xce ./Drivers/STM32H7xx_HAL_Driver/Src/stm32h7xx_hal_uart.o
                0x000000000800a2a4                UART_WaitOnFlagUntilTimeout
 *fill*         0x000000000800a372        0x2 
 .text.UART_Start_Receive_IT
                0x000000000800a374      0x244 ./Drivers/STM32H7xx_HAL_Driver/Src/stm32h7xx_hal_uart.o
                0x000000000800a374                UART_Start_Receive_IT
 .text.UART_EndRxTransfer
                0x000000000800a5b8       0xcc ./Drivers/STM32H7xx_HAL_Driver/Src/stm32h7xx_hal_uart.o
 .text.UART_RxISR_8BIT
                0x000000000800a684      0x1b8 ./Drivers/STM32H7xx_HAL_Driver/Src/stm32h7xx_hal_uart.o
 .text.UART_RxISR_16BIT
                0x000000000800a83c      0x1b8 ./Drivers/STM32H7xx_HAL_Driver/Src/stm32h7xx_hal_uart.o
 .text.UART_RxISR_8BIT_FIFOEN
                0x000000000800a9f4      0x360 ./Drivers/STM32H7xx_HAL_Driver/Src/stm32h7xx_hal_uart.o
 .text.UART_RxISR_16BIT_FIFOEN
                0x000000000800ad54      0x368 ./Drivers/STM32H7xx_HAL_Driver/Src/stm32h7xx_hal_uart.o
 .text.HAL_UARTEx_DisableFifoMode
                0x000000000800b0bc       0x72 ./Drivers/STM32H7xx_HAL_Driver/Src/stm32h7xx_hal_uart_ex.o
                0x000000000800b0bc                HAL_UARTEx_DisableFifoMode
 .text.HAL_UARTEx_SetTxFifoThreshold
                0x000000000800b12e       0x7c ./Drivers/STM32H7xx_HAL_Driver/Src/stm32h7xx_hal_uart_ex.o
                0x000000000800b12e                HAL_UARTEx_SetTxFifoThreshold
 .text.HAL_UARTEx_SetRxFifoThreshold
                0x000000000800b1aa       0x7c ./Drivers/STM32H7xx_HAL_Driver/Src/stm32h7xx_hal_uart_ex.o
                0x000000000800b1aa                HAL_UARTEx_SetRxFifoThreshold
 *fill*         0x000000000800b226        0x2 
 .text.UARTEx_SetNbDataToProcess
                0x000000000800b228       0x9c ./Drivers/STM32H7xx_HAL_Driver/Src/stm32h7xx_hal_uart_ex.o
 .text.SDMMC_Init
                0x000000000800b2c4       0x54 ./Drivers/STM32H7xx_HAL_Driver/Src/stm32h7xx_ll_sdmmc.o
                0x000000000800b2c4                SDMMC_Init
 .text.SDMMC_ReadFIFO
                0x000000000800b318       0x1a ./Drivers/STM32H7xx_HAL_Driver/Src/stm32h7xx_ll_sdmmc.o
                0x000000000800b318                SDMMC_ReadFIFO
 .text.SDMMC_PowerState_ON
                0x000000000800b332       0x22 ./Drivers/STM32H7xx_HAL_Driver/Src/stm32h7xx_ll_sdmmc.o
                0x000000000800b332                SDMMC_PowerState_ON
 .text.SDMMC_GetPowerState
                0x000000000800b354       0x1c ./Drivers/STM32H7xx_HAL_Driver/Src/stm32h7xx_ll_sdmmc.o
                0x000000000800b354                SDMMC_GetPowerState
 .text.SDMMC_SendCommand
                0x000000000800b370       0x54 ./Drivers/STM32H7xx_HAL_Driver/Src/stm32h7xx_ll_sdmmc.o
                0x000000000800b370                SDMMC_SendCommand
 .text.SDMMC_GetCommandResponse
                0x000000000800b3c4       0x1a ./Drivers/STM32H7xx_HAL_Driver/Src/stm32h7xx_ll_sdmmc.o
                0x000000000800b3c4                SDMMC_GetCommandResponse
 .text.SDMMC_GetResponse
                0x000000000800b3de       0x26 ./Drivers/STM32H7xx_HAL_Driver/Src/stm32h7xx_ll_sdmmc.o
                0x000000000800b3de                SDMMC_GetResponse
 .text.SDMMC_ConfigData
                0x000000000800b404       0x58 ./Drivers/STM32H7xx_HAL_Driver/Src/stm32h7xx_ll_sdmmc.o
                0x000000000800b404                SDMMC_ConfigData
 .text.SDMMC_CmdBlockLength
                0x000000000800b45c       0x46 ./Drivers/STM32H7xx_HAL_Driver/Src/stm32h7xx_ll_sdmmc.o
                0x000000000800b45c                SDMMC_CmdBlockLength
 .text.SDMMC_CmdSelDesel
                0x000000000800b4a2       0x46 ./Drivers/STM32H7xx_HAL_Driver/Src/stm32h7xx_ll_sdmmc.o
                0x000000000800b4a2                SDMMC_CmdSelDesel
 .text.SDMMC_CmdGoIdleState
                0x000000000800b4e8       0x3c ./Drivers/STM32H7xx_HAL_Driver/Src/stm32h7xx_ll_sdmmc.o
                0x000000000800b4e8                SDMMC_CmdGoIdleState
 .text.SDMMC_CmdSendCID
                0x000000000800b524       0x3e ./Drivers/STM32H7xx_HAL_Driver/Src/stm32h7xx_ll_sdmmc.o
                0x000000000800b524                SDMMC_CmdSendCID
 .text.SDMMC_CmdSendCSD
                0x000000000800b562       0x40 ./Drivers/STM32H7xx_HAL_Driver/Src/stm32h7xx_ll_sdmmc.o
                0x000000000800b562                SDMMC_CmdSendCSD
 .text.SDMMC_CmdSetRelAddMmc
                0x000000000800b5a2       0x4a ./Drivers/STM32H7xx_HAL_Driver/Src/stm32h7xx_ll_sdmmc.o
                0x000000000800b5a2                SDMMC_CmdSetRelAddMmc
 .text.SDMMC_CmdSendStatus
                0x000000000800b5ec       0x46 ./Drivers/STM32H7xx_HAL_Driver/Src/stm32h7xx_ll_sdmmc.o
                0x000000000800b5ec                SDMMC_CmdSendStatus
 .text.SDMMC_CmdOpCondition
                0x000000000800b632       0x40 ./Drivers/STM32H7xx_HAL_Driver/Src/stm32h7xx_ll_sdmmc.o
                0x000000000800b632                SDMMC_CmdOpCondition
 .text.SDMMC_CmdSwitch
                0x000000000800b672       0x46 ./Drivers/STM32H7xx_HAL_Driver/Src/stm32h7xx_ll_sdmmc.o
                0x000000000800b672                SDMMC_CmdSwitch
 .text.SDMMC_CmdSendEXTCSD
                0x000000000800b6b8       0x46 ./Drivers/STM32H7xx_HAL_Driver/Src/stm32h7xx_ll_sdmmc.o
                0x000000000800b6b8                SDMMC_CmdSendEXTCSD
 *fill*         0x000000000800b6fe        0x2 
 .text.SDMMC_GetCmdResp1
                0x000000000800b700      0x1e4 ./Drivers/STM32H7xx_HAL_Driver/Src/stm32h7xx_ll_sdmmc.o
                0x000000000800b700                SDMMC_GetCmdResp1
 .text.SDMMC_GetCmdResp2
                0x000000000800b8e4       0x94 ./Drivers/STM32H7xx_HAL_Driver/Src/stm32h7xx_ll_sdmmc.o
                0x000000000800b8e4                SDMMC_GetCmdResp2
 .text.SDMMC_GetCmdResp3
                0x000000000800b978       0x80 ./Drivers/STM32H7xx_HAL_Driver/Src/stm32h7xx_ll_sdmmc.o
                0x000000000800b978                SDMMC_GetCmdResp3
 .text.SDMMC_GetCmdError
                0x000000000800b9f8       0x5c ./Drivers/STM32H7xx_HAL_Driver/Src/stm32h7xx_ll_sdmmc.o
 .text.USB_CoreInit
                0x000000000800ba54       0xdc ./Drivers/STM32H7xx_HAL_Driver/Src/stm32h7xx_ll_usb.o
                0x000000000800ba54                USB_CoreInit
 .text.USB_DisableGlobalInt
                0x000000000800bb30       0x22 ./Drivers/STM32H7xx_HAL_Driver/Src/stm32h7xx_ll_usb.o
                0x000000000800bb30                USB_DisableGlobalInt
 .text.USB_SetCurrentMode
                0x000000000800bb52       0x98 ./Drivers/STM32H7xx_HAL_Driver/Src/stm32h7xx_ll_usb.o
                0x000000000800bb52                USB_SetCurrentMode
 *fill*         0x000000000800bbea        0x2 
 .text.USB_DevInit
                0x000000000800bbec      0x2bc ./Drivers/STM32H7xx_HAL_Driver/Src/stm32h7xx_ll_usb.o
                0x000000000800bbec                USB_DevInit
 .text.USB_FlushTxFifo
                0x000000000800bea8       0x68 ./Drivers/STM32H7xx_HAL_Driver/Src/stm32h7xx_ll_usb.o
                0x000000000800bea8                USB_FlushTxFifo
 .text.USB_FlushRxFifo
                0x000000000800bf10       0x60 ./Drivers/STM32H7xx_HAL_Driver/Src/stm32h7xx_ll_usb.o
                0x000000000800bf10                USB_FlushRxFifo
 .text.USB_SetDevSpeed
                0x000000000800bf70       0x32 ./Drivers/STM32H7xx_HAL_Driver/Src/stm32h7xx_ll_usb.o
                0x000000000800bf70                USB_SetDevSpeed
 .text.USB_DevDisconnect
                0x000000000800bfa2       0x42 ./Drivers/STM32H7xx_HAL_Driver/Src/stm32h7xx_ll_usb.o
                0x000000000800bfa2                USB_DevDisconnect
 .text.USB_GetMode
                0x000000000800bfe4       0x1c ./Drivers/STM32H7xx_HAL_Driver/Src/stm32h7xx_ll_usb.o
                0x000000000800bfe4                USB_GetMode
 .text.USB_CoreReset
                0x000000000800c000       0x68 ./Drivers/STM32H7xx_HAL_Driver/Src/stm32h7xx_ll_usb.o
 .text.memset   0x000000000800c068       0x10 C:/ST/STM32CubeIDE_1.14.1/STM32CubeIDE/plugins/com.st.stm32cube.ide.mcu.externaltools.gnu-tools-for-stm32.11.3.rel1.win32_1.1.100.202309141235/tools/bin/../lib/gcc/arm-none-eabi/11.3.1/../../../../arm-none-eabi/lib/thumb/v7e-m+dp/hard\libc_nano.a(libc_a-memset.o)
                0x000000000800c068                memset
 .text.__libc_init_array
                0x000000000800c078       0x48 C:/ST/STM32CubeIDE_1.14.1/STM32CubeIDE/plugins/com.st.stm32cube.ide.mcu.externaltools.gnu-tools-for-stm32.11.3.rel1.win32_1.1.100.202309141235/tools/bin/../lib/gcc/arm-none-eabi/11.3.1/../../../../arm-none-eabi/lib/thumb/v7e-m+dp/hard\libc_nano.a(libc_a-init.o)
                0x000000000800c078                __libc_init_array
 *(.glue_7)
 .glue_7        0x000000000800c0c0        0x0 linker stubs
 *(.glue_7t)
 .glue_7t       0x000000000800c0c0        0x0 linker stubs
 *(.eh_frame)
 .eh_frame      0x000000000800c0c0        0x0 C:/ST/STM32CubeIDE_1.14.1/STM32CubeIDE/plugins/com.st.stm32cube.ide.mcu.externaltools.gnu-tools-for-stm32.11.3.rel1.win32_1.1.100.202309141235/tools/bin/../lib/gcc/arm-none-eabi/11.3.1/thumb/v7e-m+dp/hard/crtbegin.o
 *(.init)
 .init          0x000000000800c0c0        0x4 C:/ST/STM32CubeIDE_1.14.1/STM32CubeIDE/plugins/com.st.stm32cube.ide.mcu.externaltools.gnu-tools-for-stm32.11.3.rel1.win32_1.1.100.202309141235/tools/bin/../lib/gcc/arm-none-eabi/11.3.1/thumb/v7e-m+dp/hard/crti.o
                0x000000000800c0c0                _init
 .init          0x000000000800c0c4        0x8 C:/ST/STM32CubeIDE_1.14.1/STM32CubeIDE/plugins/com.st.stm32cube.ide.mcu.externaltools.gnu-tools-for-stm32.11.3.rel1.win32_1.1.100.202309141235/tools/bin/../lib/gcc/arm-none-eabi/11.3.1/thumb/v7e-m+dp/hard/crtn.o
 *(.fini)
 .fini          0x000000000800c0cc        0x4 C:/ST/STM32CubeIDE_1.14.1/STM32CubeIDE/plugins/com.st.stm32cube.ide.mcu.externaltools.gnu-tools-for-stm32.11.3.rel1.win32_1.1.100.202309141235/tools/bin/../lib/gcc/arm-none-eabi/11.3.1/thumb/v7e-m+dp/hard/crti.o
                0x000000000800c0cc                _fini
 .fini          0x000000000800c0d0        0x8 C:/ST/STM32CubeIDE_1.14.1/STM32CubeIDE/plugins/com.st.stm32cube.ide.mcu.externaltools.gnu-tools-for-stm32.11.3.rel1.win32_1.1.100.202309141235/tools/bin/../lib/gcc/arm-none-eabi/11.3.1/thumb/v7e-m+dp/hard/crtn.o
                0x000000000800c0d8                . = ALIGN (0x4)
                0x000000000800c0d8                _etext = .

.vfp11_veneer   0x000000000800c0d8        0x0
 .vfp11_veneer  0x000000000800c0d8        0x0 linker stubs

.v4_bx          0x000000000800c0d8        0x0
 .v4_bx         0x000000000800c0d8        0x0 linker stubs

.iplt           0x000000000800c0d8        0x0
 .iplt          0x000000000800c0d8        0x0 C:/ST/STM32CubeIDE_1.14.1/STM32CubeIDE/plugins/com.st.stm32cube.ide.mcu.externaltools.gnu-tools-for-stm32.11.3.rel1.win32_1.1.100.202309141235/tools/bin/../lib/gcc/arm-none-eabi/11.3.1/thumb/v7e-m+dp/hard/crtbegin.o

.rodata         0x000000000800c0d8       0x38
                0x000000000800c0d8                . = ALIGN (0x4)
 *(.rodata)
 *(.rodata*)
 .rodata.D1CorePrescTable
                0x000000000800c0d8       0x10 ./Core/Src/system_stm32h7xx.o
                0x000000000800c0d8                D1CorePrescTable
 .rodata.UARTPrescTable
                0x000000000800c0e8       0x18 ./Drivers/STM32H7xx_HAL_Driver/Src/stm32h7xx_hal_uart.o
                0x000000000800c0e8                UARTPrescTable
 .rodata.numerator.1
                0x000000000800c100        0x8 ./Drivers/STM32H7xx_HAL_Driver/Src/stm32h7xx_hal_uart_ex.o
 .rodata.denominator.0
                0x000000000800c108        0x8 ./Drivers/STM32H7xx_HAL_Driver/Src/stm32h7xx_hal_uart_ex.o
                0x000000000800c110                . = ALIGN (0x4)

.ARM.extab
 *(.ARM.extab* .gnu.linkonce.armextab.*)

.ARM            0x000000000800c110        0x8
                0x000000000800c110                __exidx_start = .
 *(.ARM.exidx*)
 .ARM.exidx     0x000000000800c110        0x8 C:/ST/STM32CubeIDE_1.14.1/STM32CubeIDE/plugins/com.st.stm32cube.ide.mcu.externaltools.gnu-tools-for-stm32.11.3.rel1.win32_1.1.100.202309141235/tools/bin/../lib/gcc/arm-none-eabi/11.3.1/thumb/v7e-m+dp/hard\libgcc.a(_udivmoddi4.o)
                0x000000000800c118                __exidx_end = .

.rel.dyn        0x000000000800c118        0x0
 .rel.iplt      0x000000000800c118        0x0 C:/ST/STM32CubeIDE_1.14.1/STM32CubeIDE/plugins/com.st.stm32cube.ide.mcu.externaltools.gnu-tools-for-stm32.11.3.rel1.win32_1.1.100.202309141235/tools/bin/../lib/gcc/arm-none-eabi/11.3.1/thumb/v7e-m+dp/hard/crtbegin.o

.preinit_array  0x000000000800c118        0x0
                0x000000000800c118                PROVIDE (__preinit_array_start = .)
 *(.preinit_array*)
                0x000000000800c118                PROVIDE (__preinit_array_end = .)

.init_array     0x000000000800c118        0x4
                0x000000000800c118                PROVIDE (__init_array_start = .)
 *(SORT_BY_NAME(.init_array.*))
 *(.init_array*)
 .init_array    0x000000000800c118        0x4 C:/ST/STM32CubeIDE_1.14.1/STM32CubeIDE/plugins/com.st.stm32cube.ide.mcu.externaltools.gnu-tools-for-stm32.11.3.rel1.win32_1.1.100.202309141235/tools/bin/../lib/gcc/arm-none-eabi/11.3.1/thumb/v7e-m+dp/hard/crtbegin.o
                0x000000000800c11c                PROVIDE (__init_array_end = .)

.fini_array     0x000000000800c11c        0x4
                [!provide]                        PROVIDE (__fini_array_start = .)
 *(SORT_BY_NAME(.fini_array.*))
 *(.fini_array*)
 .fini_array    0x000000000800c11c        0x4 C:/ST/STM32CubeIDE_1.14.1/STM32CubeIDE/plugins/com.st.stm32cube.ide.mcu.externaltools.gnu-tools-for-stm32.11.3.rel1.win32_1.1.100.202309141235/tools/bin/../lib/gcc/arm-none-eabi/11.3.1/thumb/v7e-m+dp/hard/crtbegin.o
                [!provide]                        PROVIDE (__fini_array_end = .)
                0x000000000800c120                _sidata = LOADADDR (.data)

.data           0x0000000024000000       0x10 load address 0x000000000800c120
                0x0000000024000000                . = ALIGN (0x4)
                0x0000000024000000                _sdata = .
 *(.data)
 *(.data*)
 .data.SystemCoreClock
                0x0000000024000000        0x4 ./Core/Src/system_stm32h7xx.o
                0x0000000024000000                SystemCoreClock
 .data.SystemD2Clock
                0x0000000024000004        0x4 ./Core/Src/system_stm32h7xx.o
                0x0000000024000004                SystemD2Clock
 .data.uwTickPrio
                0x0000000024000008        0x4 ./Drivers/STM32H7xx_HAL_Driver/Src/stm32h7xx_hal.o
                0x0000000024000008                uwTickPrio
 .data.uwTickFreq
                0x000000002400000c        0x1 ./Drivers/STM32H7xx_HAL_Driver/Src/stm32h7xx_hal.o
                0x000000002400000c                uwTickFreq
 *(.RamFunc)
 *(.RamFunc*)
                0x0000000024000010                . = ALIGN (0x4)
 *fill*         0x000000002400000d        0x3 
                0x0000000024000010                _edata = .

.igot.plt       0x0000000024000010        0x0 load address 0x000000000800c130
 .igot.plt      0x0000000024000010        0x0 C:/ST/STM32CubeIDE_1.14.1/STM32CubeIDE/plugins/com.st.stm32cube.ide.mcu.externaltools.gnu-tools-for-stm32.11.3.rel1.win32_1.1.100.202309141235/tools/bin/../lib/gcc/arm-none-eabi/11.3.1/thumb/v7e-m+dp/hard/crtbegin.o
                0x0000000024000010                . = ALIGN (0x4)

.bss            0x0000000024000010      0xd9c load address 0x000000000800c130
                0x0000000024000010                _sbss = .
                0x0000000024000010                __bss_start__ = _sbss
 *(.bss)
 .bss           0x0000000024000010       0x1c C:/ST/STM32CubeIDE_1.14.1/STM32CubeIDE/plugins/com.st.stm32cube.ide.mcu.externaltools.gnu-tools-for-stm32.11.3.rel1.win32_1.1.100.202309141235/tools/bin/../lib/gcc/arm-none-eabi/11.3.1/thumb/v7e-m+dp/hard/crtbegin.o
 *(.bss*)
 .bss.hadc1     0x000000002400002c       0x70 ./Core/Src/main.o
                0x000000002400002c                hadc1
 .bss.hcordic   0x000000002400009c       0x28 ./Core/Src/main.o
                0x000000002400009c                hcordic
 .bss.hcrc      0x00000000240000c4       0x24 ./Core/Src/main.o
                0x00000000240000c4                hcrc
 .bss.hfmac     0x00000000240000e8       0x38 ./Core/Src/main.o
                0x00000000240000e8                hfmac
 .bss.hi2c1     0x0000000024000120       0x54 ./Core/Src/main.o
                0x0000000024000120                hi2c1
 .bss.hi2c2     0x0000000024000174       0x54 ./Core/Src/main.o
                0x0000000024000174                hi2c2
 .bss.hi2c3     0x00000000240001c8       0x54 ./Core/Src/main.o
                0x00000000240001c8                hi2c3
 .bss.hi2c4     0x000000002400021c       0x54 ./Core/Src/main.o
                0x000000002400021c                hi2c4
 .bss.hrng      0x0000000024000270       0x14 ./Core/Src/main.o
                0x0000000024000270                hrng
 .bss.hmmc1     0x0000000024000284      0x274 ./Core/Src/main.o
                0x0000000024000284                hmmc1
 .bss.hspi1     0x00000000240004f8       0x88 ./Core/Src/main.o
                0x00000000240004f8                hspi1
 .bss.hspi2     0x0000000024000580       0x88 ./Core/Src/main.o
                0x0000000024000580                hspi2
 .bss.hspi3     0x0000000024000608       0x88 ./Core/Src/main.o
                0x0000000024000608                hspi3
 .bss.hspi4     0x0000000024000690       0x88 ./Core/Src/main.o
                0x0000000024000690                hspi4
 .bss.hspi6     0x0000000024000718       0x88 ./Core/Src/main.o
                0x0000000024000718                hspi6
 .bss.huart2    0x00000000240007a0       0x94 ./Core/Src/main.o
                0x00000000240007a0                huart2
 .bss.rxBuffer  0x0000000024000834       0x64 ./Core/Src/main.o
                0x0000000024000834                rxBuffer
 .bss.rxData    0x0000000024000898        0x1 ./Core/Src/main.o
                0x0000000024000898                rxData
 .bss.rxBufferIndex
                0x0000000024000899        0x1 ./Core/Src/main.o
                0x0000000024000899                rxBufferIndex
 *fill*         0x000000002400089a        0x2 
 .bss.hpcd_USB_OTG_HS
                0x000000002400089c      0x50c ./Core/Src/main.o
                0x000000002400089c                hpcd_USB_OTG_HS
 .bss.uwTick    0x0000000024000da8        0x4 ./Drivers/STM32H7xx_HAL_Driver/Src/stm32h7xx_hal.o
                0x0000000024000da8                uwTick
 *(COMMON)
                0x0000000024000dac                . = ALIGN (0x4)
                0x0000000024000dac                _ebss = .
                0x0000000024000dac                __bss_end__ = _ebss

._user_heap_stack
                0x0000000024000dac      0x604 load address 0x000000000800c130
                0x0000000024000db0                . = ALIGN (0x8)
 *fill*         0x0000000024000dac        0x4 
                [!provide]                        PROVIDE (end = .)
                0x0000000024000db0                PROVIDE (_end = .)
                0x0000000024000fb0                . = (. + _Min_Heap_Size)
 *fill*         0x0000000024000db0      0x200 
                0x00000000240013b0                . = (. + _Min_Stack_Size)
 *fill*         0x0000000024000fb0      0x400 
                0x00000000240013b0                . = ALIGN (0x8)

/DISCARD/
 libc.a(*)
 libm.a(*)
 libgcc.a(*)

.ARM.attributes
                0x0000000000000000       0x2e
 *(.ARM.attributes)
 .ARM.attributes
                0x0000000000000000       0x1e C:/ST/STM32CubeIDE_1.14.1/STM32CubeIDE/plugins/com.st.stm32cube.ide.mcu.externaltools.gnu-tools-for-stm32.11.3.rel1.win32_1.1.100.202309141235/tools/bin/../lib/gcc/arm-none-eabi/11.3.1/thumb/v7e-m+dp/hard/crti.o
 .ARM.attributes
                0x000000000000001e       0x32 C:/ST/STM32CubeIDE_1.14.1/STM32CubeIDE/plugins/com.st.stm32cube.ide.mcu.externaltools.gnu-tools-for-stm32.11.3.rel1.win32_1.1.100.202309141235/tools/bin/../lib/gcc/arm-none-eabi/11.3.1/thumb/v7e-m+dp/hard/crtbegin.o
 .ARM.attributes
                0x0000000000000050       0x32 ./Core/Src/main.o
 .ARM.attributes
                0x0000000000000082       0x32 ./Core/Src/stm32h7xx_hal_msp.o
 .ARM.attributes
                0x00000000000000b4       0x32 ./Core/Src/stm32h7xx_it.o
 .ARM.attributes
                0x00000000000000e6       0x32 ./Core/Src/system_stm32h7xx.o
 .ARM.attributes
                0x0000000000000118       0x21 ./Core/Startup/startup_stm32h723vghx.o
 .ARM.attributes
                0x0000000000000139       0x32 ./Drivers/STM32H7xx_HAL_Driver/Src/stm32h7xx_hal.o
 .ARM.attributes
                0x000000000000016b       0x32 ./Drivers/STM32H7xx_HAL_Driver/Src/stm32h7xx_hal_adc.o
 .ARM.attributes
                0x000000000000019d       0x32 ./Drivers/STM32H7xx_HAL_Driver/Src/stm32h7xx_hal_adc_ex.o
 .ARM.attributes
                0x00000000000001cf       0x32 ./Drivers/STM32H7xx_HAL_Driver/Src/stm32h7xx_hal_cordic.o
 .ARM.attributes
                0x0000000000000201       0x32 ./Drivers/STM32H7xx_HAL_Driver/Src/stm32h7xx_hal_cortex.o
 .ARM.attributes
                0x0000000000000233       0x32 ./Drivers/STM32H7xx_HAL_Driver/Src/stm32h7xx_hal_crc.o
 .ARM.attributes
                0x0000000000000265       0x32 ./Drivers/STM32H7xx_HAL_Driver/Src/stm32h7xx_hal_crc_ex.o
 .ARM.attributes
                0x0000000000000297       0x32 ./Drivers/STM32H7xx_HAL_Driver/Src/stm32h7xx_hal_fmac.o
 .ARM.attributes
                0x00000000000002c9       0x32 ./Drivers/STM32H7xx_HAL_Driver/Src/stm32h7xx_hal_gpio.o
 .ARM.attributes
                0x00000000000002fb       0x32 ./Drivers/STM32H7xx_HAL_Driver/Src/stm32h7xx_hal_i2c.o
 .ARM.attributes
                0x000000000000032d       0x32 ./Drivers/STM32H7xx_HAL_Driver/Src/stm32h7xx_hal_i2c_ex.o
 .ARM.attributes
                0x000000000000035f       0x32 ./Drivers/STM32H7xx_HAL_Driver/Src/stm32h7xx_hal_mmc.o
 .ARM.attributes
                0x0000000000000391       0x32 ./Drivers/STM32H7xx_HAL_Driver/Src/stm32h7xx_hal_pcd.o
 .ARM.attributes
                0x00000000000003c3       0x32 ./Drivers/STM32H7xx_HAL_Driver/Src/stm32h7xx_hal_pcd_ex.o
 .ARM.attributes
                0x00000000000003f5       0x32 ./Drivers/STM32H7xx_HAL_Driver/Src/stm32h7xx_hal_pwr_ex.o
 .ARM.attributes
                0x0000000000000427       0x32 ./Drivers/STM32H7xx_HAL_Driver/Src/stm32h7xx_hal_rcc.o
 .ARM.attributes
                0x0000000000000459       0x32 ./Drivers/STM32H7xx_HAL_Driver/Src/stm32h7xx_hal_rcc_ex.o
 .ARM.attributes
                0x000000000000048b       0x32 ./Drivers/STM32H7xx_HAL_Driver/Src/stm32h7xx_hal_rng.o
 .ARM.attributes
                0x00000000000004bd       0x32 ./Drivers/STM32H7xx_HAL_Driver/Src/stm32h7xx_hal_spi.o
 .ARM.attributes
                0x00000000000004ef       0x32 ./Drivers/STM32H7xx_HAL_Driver/Src/stm32h7xx_hal_uart.o
 .ARM.attributes
                0x0000000000000521       0x32 ./Drivers/STM32H7xx_HAL_Driver/Src/stm32h7xx_hal_uart_ex.o
 .ARM.attributes
                0x0000000000000553       0x32 ./Drivers/STM32H7xx_HAL_Driver/Src/stm32h7xx_ll_sdmmc.o
 .ARM.attributes
                0x0000000000000585       0x32 ./Drivers/STM32H7xx_HAL_Driver/Src/stm32h7xx_ll_usb.o
 .ARM.attributes
                0x00000000000005b7       0x32 C:/ST/STM32CubeIDE_1.14.1/STM32CubeIDE/plugins/com.st.stm32cube.ide.mcu.externaltools.gnu-tools-for-stm32.11.3.rel1.win32_1.1.100.202309141235/tools/bin/../lib/gcc/arm-none-eabi/11.3.1/../../../../arm-none-eabi/lib/thumb/v7e-m+dp/hard\libc_nano.a(libc_a-memset.o)
 .ARM.attributes
                0x00000000000005e9       0x32 C:/ST/STM32CubeIDE_1.14.1/STM32CubeIDE/plugins/com.st.stm32cube.ide.mcu.externaltools.gnu-tools-for-stm32.11.3.rel1.win32_1.1.100.202309141235/tools/bin/../lib/gcc/arm-none-eabi/11.3.1/../../../../arm-none-eabi/lib/thumb/v7e-m+dp/hard\libc_nano.a(libc_a-init.o)
 .ARM.attributes
                0x000000000000061b       0x1e C:/ST/STM32CubeIDE_1.14.1/STM32CubeIDE/plugins/com.st.stm32cube.ide.mcu.externaltools.gnu-tools-for-stm32.11.3.rel1.win32_1.1.100.202309141235/tools/bin/../lib/gcc/arm-none-eabi/11.3.1/thumb/v7e-m+dp/hard\libgcc.a(_aeabi_uldivmod.o)
 .ARM.attributes
                0x0000000000000639       0x32 C:/ST/STM32CubeIDE_1.14.1/STM32CubeIDE/plugins/com.st.stm32cube.ide.mcu.externaltools.gnu-tools-for-stm32.11.3.rel1.win32_1.1.100.202309141235/tools/bin/../lib/gcc/arm-none-eabi/11.3.1/thumb/v7e-m+dp/hard\libgcc.a(_udivmoddi4.o)
 .ARM.attributes
                0x000000000000066b       0x1e C:/ST/STM32CubeIDE_1.14.1/STM32CubeIDE/plugins/com.st.stm32cube.ide.mcu.externaltools.gnu-tools-for-stm32.11.3.rel1.win32_1.1.100.202309141235/tools/bin/../lib/gcc/arm-none-eabi/11.3.1/thumb/v7e-m+dp/hard\libgcc.a(_dvmd_tls.o)
 .ARM.attributes
                0x0000000000000689       0x1e C:/ST/STM32CubeIDE_1.14.1/STM32CubeIDE/plugins/com.st.stm32cube.ide.mcu.externaltools.gnu-tools-for-stm32.11.3.rel1.win32_1.1.100.202309141235/tools/bin/../lib/gcc/arm-none-eabi/11.3.1/thumb/v7e-m+dp/hard/crtn.o
OUTPUT(TestFlightComputer1.elf elf32-littlearm)
LOAD linker stubs
LOAD C:/ST/STM32CubeIDE_1.14.1/STM32CubeIDE/plugins/com.st.stm32cube.ide.mcu.externaltools.gnu-tools-for-stm32.11.3.rel1.win32_1.1.100.202309141235/tools/bin/../lib/gcc/arm-none-eabi/11.3.1/../../../../arm-none-eabi/lib/thumb/v7e-m+dp/hard\libc.a
LOAD C:/ST/STM32CubeIDE_1.14.1/STM32CubeIDE/plugins/com.st.stm32cube.ide.mcu.externaltools.gnu-tools-for-stm32.11.3.rel1.win32_1.1.100.202309141235/tools/bin/../lib/gcc/arm-none-eabi/11.3.1/../../../../arm-none-eabi/lib/thumb/v7e-m+dp/hard\libm.a
LOAD C:/ST/STM32CubeIDE_1.14.1/STM32CubeIDE/plugins/com.st.stm32cube.ide.mcu.externaltools.gnu-tools-for-stm32.11.3.rel1.win32_1.1.100.202309141235/tools/bin/../lib/gcc/arm-none-eabi/11.3.1/thumb/v7e-m+dp/hard\libgcc.a

.comment        0x0000000000000000       0x43
 .comment       0x0000000000000000       0x43 C:/ST/STM32CubeIDE_1.14.1/STM32CubeIDE/plugins/com.st.stm32cube.ide.mcu.externaltools.gnu-tools-for-stm32.11.3.rel1.win32_1.1.100.202309141235/tools/bin/../lib/gcc/arm-none-eabi/11.3.1/thumb/v7e-m+dp/hard/crtbegin.o
                                         0x44 (size before relaxing)
 .comment       0x0000000000000043       0x44 ./Core/Src/main.o
 .comment       0x0000000000000043       0x44 ./Core/Src/stm32h7xx_hal_msp.o
 .comment       0x0000000000000043       0x44 ./Core/Src/stm32h7xx_it.o
 .comment       0x0000000000000043       0x44 ./Core/Src/system_stm32h7xx.o
 .comment       0x0000000000000043       0x44 ./Drivers/STM32H7xx_HAL_Driver/Src/stm32h7xx_hal.o
 .comment       0x0000000000000043       0x44 ./Drivers/STM32H7xx_HAL_Driver/Src/stm32h7xx_hal_adc.o
 .comment       0x0000000000000043       0x44 ./Drivers/STM32H7xx_HAL_Driver/Src/stm32h7xx_hal_adc_ex.o
 .comment       0x0000000000000043       0x44 ./Drivers/STM32H7xx_HAL_Driver/Src/stm32h7xx_hal_cordic.o
 .comment       0x0000000000000043       0x44 ./Drivers/STM32H7xx_HAL_Driver/Src/stm32h7xx_hal_cortex.o
 .comment       0x0000000000000043       0x44 ./Drivers/STM32H7xx_HAL_Driver/Src/stm32h7xx_hal_crc.o
 .comment       0x0000000000000043       0x44 ./Drivers/STM32H7xx_HAL_Driver/Src/stm32h7xx_hal_crc_ex.o
 .comment       0x0000000000000043       0x44 ./Drivers/STM32H7xx_HAL_Driver/Src/stm32h7xx_hal_fmac.o
 .comment       0x0000000000000043       0x44 ./Drivers/STM32H7xx_HAL_Driver/Src/stm32h7xx_hal_gpio.o
 .comment       0x0000000000000043       0x44 ./Drivers/STM32H7xx_HAL_Driver/Src/stm32h7xx_hal_i2c.o
 .comment       0x0000000000000043       0x44 ./Drivers/STM32H7xx_HAL_Driver/Src/stm32h7xx_hal_i2c_ex.o
 .comment       0x0000000000000043       0x44 ./Drivers/STM32H7xx_HAL_Driver/Src/stm32h7xx_hal_mmc.o
 .comment       0x0000000000000043       0x44 ./Drivers/STM32H7xx_HAL_Driver/Src/stm32h7xx_hal_pcd.o
 .comment       0x0000000000000043       0x44 ./Drivers/STM32H7xx_HAL_Driver/Src/stm32h7xx_hal_pcd_ex.o
 .comment       0x0000000000000043       0x44 ./Drivers/STM32H7xx_HAL_Driver/Src/stm32h7xx_hal_pwr_ex.o
 .comment       0x0000000000000043       0x44 ./Drivers/STM32H7xx_HAL_Driver/Src/stm32h7xx_hal_rcc.o
 .comment       0x0000000000000043       0x44 ./Drivers/STM32H7xx_HAL_Driver/Src/stm32h7xx_hal_rcc_ex.o
 .comment       0x0000000000000043       0x44 ./Drivers/STM32H7xx_HAL_Driver/Src/stm32h7xx_hal_rng.o
 .comment       0x0000000000000043       0x44 ./Drivers/STM32H7xx_HAL_Driver/Src/stm32h7xx_hal_spi.o
 .comment       0x0000000000000043       0x44 ./Drivers/STM32H7xx_HAL_Driver/Src/stm32h7xx_hal_uart.o
 .comment       0x0000000000000043       0x44 ./Drivers/STM32H7xx_HAL_Driver/Src/stm32h7xx_hal_uart_ex.o
 .comment       0x0000000000000043       0x44 ./Drivers/STM32H7xx_HAL_Driver/Src/stm32h7xx_ll_sdmmc.o
 .comment       0x0000000000000043       0x44 ./Drivers/STM32H7xx_HAL_Driver/Src/stm32h7xx_ll_usb.o

.debug_info     0x0000000000000000    0x24859
 .debug_info    0x0000000000000000     0x335c ./Core/Src/main.o
 .debug_info    0x000000000000335c     0x30e2 ./Core/Src/stm32h7xx_hal_msp.o
 .debug_info    0x000000000000643e      0x128 ./Core/Src/stm32h7xx_it.o
 .debug_info    0x0000000000006566      0xb2e ./Core/Src/system_stm32h7xx.o
 .debug_info    0x0000000000007094       0x23 ./Core/Startup/startup_stm32h723vghx.o
 .debug_info    0x00000000000070b7     0x1698 ./Drivers/STM32H7xx_HAL_Driver/Src/stm32h7xx_hal.o
 .debug_info    0x000000000000874f     0x245f ./Drivers/STM32H7xx_HAL_Driver/Src/stm32h7xx_hal_adc.o
 .debug_info    0x000000000000abae     0x2432 ./Drivers/STM32H7xx_HAL_Driver/Src/stm32h7xx_hal_adc_ex.o
 .debug_info    0x000000000000cfe0      0xad4 ./Drivers/STM32H7xx_HAL_Driver/Src/stm32h7xx_hal_cordic.o
 .debug_info    0x000000000000dab4     0x1054 ./Drivers/STM32H7xx_HAL_Driver/Src/stm32h7xx_hal_cortex.o
 .debug_info    0x000000000000eb08      0x51e ./Drivers/STM32H7xx_HAL_Driver/Src/stm32h7xx_hal_crc.o
 .debug_info    0x000000000000f026      0x33b ./Drivers/STM32H7xx_HAL_Driver/Src/stm32h7xx_hal_crc_ex.o
 .debug_info    0x000000000000f361     0x1181 ./Drivers/STM32H7xx_HAL_Driver/Src/stm32h7xx_hal_fmac.o
 .debug_info    0x00000000000104e2      0xc5c ./Drivers/STM32H7xx_HAL_Driver/Src/stm32h7xx_hal_gpio.o
 .debug_info    0x000000000001113e     0x222b ./Drivers/STM32H7xx_HAL_Driver/Src/stm32h7xx_hal_i2c.o
 .debug_info    0x0000000000013369      0xda1 ./Drivers/STM32H7xx_HAL_Driver/Src/stm32h7xx_hal_i2c_ex.o
 .debug_info    0x000000000001410a     0x1c9a ./Drivers/STM32H7xx_HAL_Driver/Src/stm32h7xx_hal_mmc.o
 .debug_info    0x0000000000015da4     0x1548 ./Drivers/STM32H7xx_HAL_Driver/Src/stm32h7xx_hal_pcd.o
 .debug_info    0x00000000000172ec      0x8b3 ./Drivers/STM32H7xx_HAL_Driver/Src/stm32h7xx_hal_pcd_ex.o
 .debug_info    0x0000000000017b9f      0xdc4 ./Drivers/STM32H7xx_HAL_Driver/Src/stm32h7xx_hal_pwr_ex.o
 .debug_info    0x0000000000018963      0xd73 ./Drivers/STM32H7xx_HAL_Driver/Src/stm32h7xx_hal_rcc.o
 .debug_info    0x00000000000196d6     0x11fc ./Drivers/STM32H7xx_HAL_Driver/Src/stm32h7xx_hal_rcc_ex.o
 .debug_info    0x000000000001a8d2      0x4c7 ./Drivers/STM32H7xx_HAL_Driver/Src/stm32h7xx_hal_rng.o
 .debug_info    0x000000000001ad99     0x147c ./Drivers/STM32H7xx_HAL_Driver/Src/stm32h7xx_hal_spi.o
 .debug_info    0x000000000001c215     0x4b13 ./Drivers/STM32H7xx_HAL_Driver/Src/stm32h7xx_hal_uart.o
 .debug_info    0x0000000000020d28      0xfb5 ./Drivers/STM32H7xx_HAL_Driver/Src/stm32h7xx_hal_uart_ex.o
 .debug_info    0x0000000000021cdd     0x11d3 ./Drivers/STM32H7xx_HAL_Driver/Src/stm32h7xx_ll_sdmmc.o
 .debug_info    0x0000000000022eb0     0x19a9 ./Drivers/STM32H7xx_HAL_Driver/Src/stm32h7xx_ll_usb.o

.debug_abbrev   0x0000000000000000     0x407c
 .debug_abbrev  0x0000000000000000      0x303 ./Core/Src/main.o
 .debug_abbrev  0x0000000000000303      0x2c1 ./Core/Src/stm32h7xx_hal_msp.o
 .debug_abbrev  0x00000000000005c4       0x73 ./Core/Src/stm32h7xx_it.o
 .debug_abbrev  0x0000000000000637      0x13a ./Core/Src/system_stm32h7xx.o
 .debug_abbrev  0x0000000000000771       0x12 ./Core/Startup/startup_stm32h723vghx.o
 .debug_abbrev  0x0000000000000783      0x29e ./Drivers/STM32H7xx_HAL_Driver/Src/stm32h7xx_hal.o
 .debug_abbrev  0x0000000000000a21      0x309 ./Drivers/STM32H7xx_HAL_Driver/Src/stm32h7xx_hal_adc.o
 .debug_abbrev  0x0000000000000d2a      0x346 ./Drivers/STM32H7xx_HAL_Driver/Src/stm32h7xx_hal_adc_ex.o
 .debug_abbrev  0x0000000000001070      0x227 ./Drivers/STM32H7xx_HAL_Driver/Src/stm32h7xx_hal_cordic.o
 .debug_abbrev  0x0000000000001297      0x339 ./Drivers/STM32H7xx_HAL_Driver/Src/stm32h7xx_hal_cortex.o
 .debug_abbrev  0x00000000000015d0      0x1e7 ./Drivers/STM32H7xx_HAL_Driver/Src/stm32h7xx_hal_crc.o
 .debug_abbrev  0x00000000000017b7      0x151 ./Drivers/STM32H7xx_HAL_Driver/Src/stm32h7xx_hal_crc_ex.o
 .debug_abbrev  0x0000000000001908      0x23f ./Drivers/STM32H7xx_HAL_Driver/Src/stm32h7xx_hal_fmac.o
 .debug_abbrev  0x0000000000001b47      0x1fe ./Drivers/STM32H7xx_HAL_Driver/Src/stm32h7xx_hal_gpio.o
 .debug_abbrev  0x0000000000001d45      0x256 ./Drivers/STM32H7xx_HAL_Driver/Src/stm32h7xx_hal_i2c.o
 .debug_abbrev  0x0000000000001f9b      0x1f5 ./Drivers/STM32H7xx_HAL_Driver/Src/stm32h7xx_hal_i2c_ex.o
 .debug_abbrev  0x0000000000002190      0x2ca ./Drivers/STM32H7xx_HAL_Driver/Src/stm32h7xx_hal_mmc.o
 .debug_abbrev  0x000000000000245a      0x2e6 ./Drivers/STM32H7xx_HAL_Driver/Src/stm32h7xx_hal_pcd.o
 .debug_abbrev  0x0000000000002740      0x256 ./Drivers/STM32H7xx_HAL_Driver/Src/stm32h7xx_hal_pcd_ex.o
 .debug_abbrev  0x0000000000002996      0x295 ./Drivers/STM32H7xx_HAL_Driver/Src/stm32h7xx_hal_pwr_ex.o
 .debug_abbrev  0x0000000000002c2b      0x2b1 ./Drivers/STM32H7xx_HAL_Driver/Src/stm32h7xx_hal_rcc.o
 .debug_abbrev  0x0000000000002edc      0x269 ./Drivers/STM32H7xx_HAL_Driver/Src/stm32h7xx_hal_rcc_ex.o
 .debug_abbrev  0x0000000000003145      0x1c5 ./Drivers/STM32H7xx_HAL_Driver/Src/stm32h7xx_hal_rng.o
 .debug_abbrev  0x000000000000330a      0x2b1 ./Drivers/STM32H7xx_HAL_Driver/Src/stm32h7xx_hal_spi.o
 .debug_abbrev  0x00000000000035bb      0x33d ./Drivers/STM32H7xx_HAL_Driver/Src/stm32h7xx_hal_uart.o
 .debug_abbrev  0x00000000000038f8      0x2d2 ./Drivers/STM32H7xx_HAL_Driver/Src/stm32h7xx_hal_uart_ex.o
 .debug_abbrev  0x0000000000003bca      0x206 ./Drivers/STM32H7xx_HAL_Driver/Src/stm32h7xx_ll_sdmmc.o
 .debug_abbrev  0x0000000000003dd0      0x2ac ./Drivers/STM32H7xx_HAL_Driver/Src/stm32h7xx_ll_usb.o

.debug_aranges  0x0000000000000000     0x1dc8
 .debug_aranges
                0x0000000000000000       0xe0 ./Core/Src/main.o
 .debug_aranges
                0x00000000000000e0       0xc0 ./Core/Src/stm32h7xx_hal_msp.o
 .debug_aranges
                0x00000000000001a0       0x60 ./Core/Src/stm32h7xx_it.o
 .debug_aranges
                0x0000000000000200       0x28 ./Core/Src/system_stm32h7xx.o
 .debug_aranges
                0x0000000000000228       0x28 ./Core/Startup/startup_stm32h723vghx.o
 .debug_aranges
                0x0000000000000250      0x1c8 ./Drivers/STM32H7xx_HAL_Driver/Src/stm32h7xx_hal.o
 .debug_aranges
                0x0000000000000418      0x260 ./Drivers/STM32H7xx_HAL_Driver/Src/stm32h7xx_hal_adc.o
 .debug_aranges
                0x0000000000000678      0x1f0 ./Drivers/STM32H7xx_HAL_Driver/Src/stm32h7xx_hal_adc_ex.o
 .debug_aranges
                0x0000000000000868       0xb0 ./Drivers/STM32H7xx_HAL_Driver/Src/stm32h7xx_hal_cordic.o
 .debug_aranges
                0x0000000000000918      0x120 ./Drivers/STM32H7xx_HAL_Driver/Src/stm32h7xx_hal_cortex.o
 .debug_aranges
                0x0000000000000a38       0x60 ./Drivers/STM32H7xx_HAL_Driver/Src/stm32h7xx_hal_crc.o
 .debug_aranges
                0x0000000000000a98       0x30 ./Drivers/STM32H7xx_HAL_Driver/Src/stm32h7xx_hal_crc_ex.o
 .debug_aranges
                0x0000000000000ac8      0x168 ./Drivers/STM32H7xx_HAL_Driver/Src/stm32h7xx_hal_fmac.o
 .debug_aranges
                0x0000000000000c30       0x58 ./Drivers/STM32H7xx_HAL_Driver/Src/stm32h7xx_hal_gpio.o
 .debug_aranges
                0x0000000000000c88      0x2a0 ./Drivers/STM32H7xx_HAL_Driver/Src/stm32h7xx_hal_i2c.o
 .debug_aranges
                0x0000000000000f28       0x48 ./Drivers/STM32H7xx_HAL_Driver/Src/stm32h7xx_hal_i2c_ex.o
 .debug_aranges
                0x0000000000000f70      0x198 ./Drivers/STM32H7xx_HAL_Driver/Src/stm32h7xx_hal_mmc.o
 .debug_aranges
                0x0000000000001108      0x140 ./Drivers/STM32H7xx_HAL_Driver/Src/stm32h7xx_hal_pcd.o
 .debug_aranges
                0x0000000000001248       0x60 ./Drivers/STM32H7xx_HAL_Driver/Src/stm32h7xx_hal_pcd_ex.o
 .debug_aranges
                0x00000000000012a8      0x148 ./Drivers/STM32H7xx_HAL_Driver/Src/stm32h7xx_hal_pwr_ex.o
 .debug_aranges
                0x00000000000013f0       0x88 ./Drivers/STM32H7xx_HAL_Driver/Src/stm32h7xx_hal_rcc.o
 .debug_aranges
                0x0000000000001478       0xf8 ./Drivers/STM32H7xx_HAL_Driver/Src/stm32h7xx_hal_rcc_ex.o
 .debug_aranges
                0x0000000000001570       0x80 ./Drivers/STM32H7xx_HAL_Driver/Src/stm32h7xx_hal_rng.o
 .debug_aranges
                0x00000000000015f0      0x1a8 ./Drivers/STM32H7xx_HAL_Driver/Src/stm32h7xx_hal_spi.o
 .debug_aranges
                0x0000000000001798      0x248 ./Drivers/STM32H7xx_HAL_Driver/Src/stm32h7xx_hal_uart.o
 .debug_aranges
                0x00000000000019e0       0xa8 ./Drivers/STM32H7xx_HAL_Driver/Src/stm32h7xx_hal_uart_ex.o
 .debug_aranges
                0x0000000000001a88      0x1a0 ./Drivers/STM32H7xx_HAL_Driver/Src/stm32h7xx_ll_sdmmc.o
 .debug_aranges
                0x0000000000001c28      0x1a0 ./Drivers/STM32H7xx_HAL_Driver/Src/stm32h7xx_ll_usb.o

.debug_rnglists
                0x0000000000000000     0x1718
 .debug_rnglists
                0x0000000000000000       0xb0 ./Core/Src/main.o
 .debug_rnglists
                0x00000000000000b0       0x92 ./Core/Src/stm32h7xx_hal_msp.o
 .debug_rnglists
                0x0000000000000142       0x43 ./Core/Src/stm32h7xx_it.o
 .debug_rnglists
                0x0000000000000185       0x1b ./Core/Src/system_stm32h7xx.o
 .debug_rnglists
                0x00000000000001a0       0x19 ./Core/Startup/startup_stm32h723vghx.o
 .debug_rnglists
                0x00000000000001b9      0x155 ./Drivers/STM32H7xx_HAL_Driver/Src/stm32h7xx_hal.o
 .debug_rnglists
                0x000000000000030e      0x1d5 ./Drivers/STM32H7xx_HAL_Driver/Src/stm32h7xx_hal_adc.o
 .debug_rnglists
                0x00000000000004e3      0x182 ./Drivers/STM32H7xx_HAL_Driver/Src/stm32h7xx_hal_adc_ex.o
 .debug_rnglists
                0x0000000000000665       0x84 ./Drivers/STM32H7xx_HAL_Driver/Src/stm32h7xx_hal_cordic.o
 .debug_rnglists
                0x00000000000006e9       0xd4 ./Drivers/STM32H7xx_HAL_Driver/Src/stm32h7xx_hal_cortex.o
 .debug_rnglists
                0x00000000000007bd       0x47 ./Drivers/STM32H7xx_HAL_Driver/Src/stm32h7xx_hal_crc.o
 .debug_rnglists
                0x0000000000000804       0x20 ./Drivers/STM32H7xx_HAL_Driver/Src/stm32h7xx_hal_crc_ex.o
 .debug_rnglists
                0x0000000000000824      0x118 ./Drivers/STM32H7xx_HAL_Driver/Src/stm32h7xx_hal_fmac.o
 .debug_rnglists
                0x000000000000093c       0x3f ./Drivers/STM32H7xx_HAL_Driver/Src/stm32h7xx_hal_gpio.o
 .debug_rnglists
                0x000000000000097b      0x22a ./Drivers/STM32H7xx_HAL_Driver/Src/stm32h7xx_hal_i2c.o
 .debug_rnglists
                0x0000000000000ba5       0x35 ./Drivers/STM32H7xx_HAL_Driver/Src/stm32h7xx_hal_i2c_ex.o
 .debug_rnglists
                0x0000000000000bda      0x149 ./Drivers/STM32H7xx_HAL_Driver/Src/stm32h7xx_hal_mmc.o
 .debug_rnglists
                0x0000000000000d23       0xf4 ./Drivers/STM32H7xx_HAL_Driver/Src/stm32h7xx_hal_pcd.o
 .debug_rnglists
                0x0000000000000e17       0x45 ./Drivers/STM32H7xx_HAL_Driver/Src/stm32h7xx_hal_pcd_ex.o
 .debug_rnglists
                0x0000000000000e5c       0xf4 ./Drivers/STM32H7xx_HAL_Driver/Src/stm32h7xx_hal_pwr_ex.o
 .debug_rnglists
                0x0000000000000f50       0x68 ./Drivers/STM32H7xx_HAL_Driver/Src/stm32h7xx_hal_rcc.o
 .debug_rnglists
                0x0000000000000fb8       0xc0 ./Drivers/STM32H7xx_HAL_Driver/Src/stm32h7xx_hal_rcc_ex.o
 .debug_rnglists
                0x0000000000001078       0x60 ./Drivers/STM32H7xx_HAL_Driver/Src/stm32h7xx_hal_rng.o
 .debug_rnglists
                0x00000000000010d8      0x148 ./Drivers/STM32H7xx_HAL_Driver/Src/stm32h7xx_hal_spi.o
 .debug_rnglists
                0x0000000000001220      0x1fa ./Drivers/STM32H7xx_HAL_Driver/Src/stm32h7xx_hal_uart.o
 .debug_rnglists
                0x000000000000141a       0x7f ./Drivers/STM32H7xx_HAL_Driver/Src/stm32h7xx_hal_uart_ex.o
 .debug_rnglists
                0x0000000000001499      0x138 ./Drivers/STM32H7xx_HAL_Driver/Src/stm32h7xx_ll_sdmmc.o
 .debug_rnglists
                0x00000000000015d1      0x147 ./Drivers/STM32H7xx_HAL_Driver/Src/stm32h7xx_ll_usb.o

.debug_macro    0x0000000000000000    0x38424
 .debug_macro   0x0000000000000000      0x374 ./Core/Src/main.o
 .debug_macro   0x0000000000000374      0xac6 ./Core/Src/main.o
 .debug_macro   0x0000000000000e3a      0x262 ./Core/Src/main.o
 .debug_macro   0x000000000000109c       0x2e ./Core/Src/main.o
 .debug_macro   0x00000000000010ca       0x3b ./Core/Src/main.o
 .debug_macro   0x0000000000001105       0x22 ./Core/Src/main.o
 .debug_macro   0x0000000000001127       0x8e ./Core/Src/main.o
 .debug_macro   0x00000000000011b5       0x51 ./Core/Src/main.o
 .debug_macro   0x0000000000001206      0x103 ./Core/Src/main.o
 .debug_macro   0x0000000000001309       0x6a ./Core/Src/main.o
 .debug_macro   0x0000000000001373      0x1df ./Core/Src/main.o
 .debug_macro   0x0000000000001552       0x1c ./Core/Src/main.o
 .debug_macro   0x000000000000156e       0x22 ./Core/Src/main.o
 .debug_macro   0x0000000000001590       0xfb ./Core/Src/main.o
 .debug_macro   0x000000000000168b     0x1305 ./Core/Src/main.o
 .debug_macro   0x0000000000002990      0x11f ./Core/Src/main.o
 .debug_macro   0x0000000000002aaf       0x27 ./Core/Src/main.o
 .debug_macro   0x0000000000002ad6    0x211d1 ./Core/Src/main.o
 .debug_macro   0x0000000000023ca7       0x6d ./Core/Src/main.o
 .debug_macro   0x0000000000023d14     0x3d48 ./Core/Src/main.o
 .debug_macro   0x0000000000027a5c      0x174 ./Core/Src/main.o
 .debug_macro   0x0000000000027bd0       0x61 ./Core/Src/main.o
 .debug_macro   0x0000000000027c31       0x29 ./Core/Src/main.o
 .debug_macro   0x0000000000027c5a       0x43 ./Core/Src/main.o
 .debug_macro   0x0000000000027c9d       0x34 ./Core/Src/main.o
 .debug_macro   0x0000000000027cd1       0x16 ./Core/Src/main.o
 .debug_macro   0x0000000000027ce7       0x43 ./Core/Src/main.o
 .debug_macro   0x0000000000027d2a       0x34 ./Core/Src/main.o
 .debug_macro   0x0000000000027d5e       0x10 ./Core/Src/main.o
 .debug_macro   0x0000000000027d6e       0x58 ./Core/Src/main.o
 .debug_macro   0x0000000000027dc6       0x8e ./Core/Src/main.o
 .debug_macro   0x0000000000027e54       0x1c ./Core/Src/main.o
 .debug_macro   0x0000000000027e70      0x177 ./Core/Src/main.o
 .debug_macro   0x0000000000027fe7      0x369 ./Core/Src/main.o
 .debug_macro   0x0000000000028350      0x19b ./Core/Src/main.o
 .debug_macro   0x00000000000284eb       0x5d ./Core/Src/main.o
 .debug_macro   0x0000000000028548     0x2462 ./Core/Src/main.o
 .debug_macro   0x000000000002a9aa     0x1079 ./Core/Src/main.o
 .debug_macro   0x000000000002ba23      0x154 ./Core/Src/main.o
 .debug_macro   0x000000000002bb77      0x114 ./Core/Src/main.o
 .debug_macro   0x000000000002bc8b      0x3f8 ./Core/Src/main.o
 .debug_macro   0x000000000002c083       0xac ./Core/Src/main.o
 .debug_macro   0x000000000002c12f      0x788 ./Core/Src/main.o
 .debug_macro   0x000000000002c8b7      0x228 ./Core/Src/main.o
 .debug_macro   0x000000000002cadf       0x66 ./Core/Src/main.o
 .debug_macro   0x000000000002cb45      0x3a6 ./Core/Src/main.o
 .debug_macro   0x000000000002ceeb      0x3f9 ./Core/Src/main.o
 .debug_macro   0x000000000002d2e4      0x275 ./Core/Src/main.o
 .debug_macro   0x000000000002d559     0x1178 ./Core/Src/main.o
 .debug_macro   0x000000000002e6d1      0x7c8 ./Core/Src/main.o
 .debug_macro   0x000000000002ee99      0x398 ./Core/Src/main.o
 .debug_macro   0x000000000002f231      0x1f4 ./Core/Src/main.o
 .debug_macro   0x000000000002f425       0xc7 ./Core/Src/main.o
 .debug_macro   0x000000000002f4ec       0x4c ./Core/Src/main.o
 .debug_macro   0x000000000002f538      0x3ca ./Core/Src/main.o
 .debug_macro   0x000000000002f902      0x45c ./Core/Src/main.o
 .debug_macro   0x000000000002fd5e       0x3c ./Core/Src/main.o
 .debug_macro   0x000000000002fd9a      0x184 ./Core/Src/main.o
 .debug_macro   0x000000000002ff1e       0x4a ./Core/Src/main.o
 .debug_macro   0x000000000002ff68      0x22c ./Core/Src/main.o
 .debug_macro   0x0000000000030194       0x67 ./Core/Src/main.o
 .debug_macro   0x00000000000301fb       0xa5 ./Core/Src/main.o
 .debug_macro   0x00000000000302a0      0x830 ./Core/Src/main.o
 .debug_macro   0x0000000000030ad0      0x23b ./Core/Src/main.o
 .debug_macro   0x0000000000030d0b       0x12 ./Core/Src/main.o
 .debug_macro   0x0000000000030d1d      0x1c4 ./Core/Src/main.o
 .debug_macro   0x0000000000030ee1      0x22a ./Core/Src/main.o
 .debug_macro   0x000000000003110b       0x35 ./Core/Src/main.o
 .debug_macro   0x0000000000031140       0xa4 ./Core/Src/main.o
 .debug_macro   0x00000000000311e4       0x99 ./Core/Src/main.o
 .debug_macro   0x000000000003127d       0x19 ./Core/Src/main.o
 .debug_macro   0x0000000000031296      0x5e4 ./Core/Src/main.o
 .debug_macro   0x000000000003187a       0xba ./Core/Src/main.o
 .debug_macro   0x0000000000031934      0x693 ./Core/Src/main.o
 .debug_macro   0x0000000000031fc7       0xa6 ./Core/Src/main.o
 .debug_macro   0x000000000003206d      0x264 ./Core/Src/main.o
 .debug_macro   0x00000000000322d1       0x90 ./Core/Src/main.o
 .debug_macro   0x0000000000032361      0x5e6 ./Core/Src/main.o
 .debug_macro   0x0000000000032947       0x10 ./Core/Src/main.o
 .debug_macro   0x0000000000032957      0x36e ./Core/Src/stm32h7xx_hal_msp.o
 .debug_macro   0x0000000000032cc5      0x378 ./Core/Src/stm32h7xx_it.o
 .debug_macro   0x000000000003303d      0x35f ./Core/Src/system_stm32h7xx.o
 .debug_macro   0x000000000003339c      0x389 ./Drivers/STM32H7xx_HAL_Driver/Src/stm32h7xx_hal.o
 .debug_macro   0x0000000000033725      0x38a ./Drivers/STM32H7xx_HAL_Driver/Src/stm32h7xx_hal_adc.o
 .debug_macro   0x0000000000033aaf      0x36b ./Drivers/STM32H7xx_HAL_Driver/Src/stm32h7xx_hal_adc_ex.o
 .debug_macro   0x0000000000033e1a      0x360 ./Drivers/STM32H7xx_HAL_Driver/Src/stm32h7xx_hal_cordic.o
 .debug_macro   0x000000000003417a      0x35f ./Drivers/STM32H7xx_HAL_Driver/Src/stm32h7xx_hal_cortex.o
 .debug_macro   0x00000000000344d9      0x35f ./Drivers/STM32H7xx_HAL_Driver/Src/stm32h7xx_hal_crc.o
 .debug_macro   0x0000000000034838      0x35f ./Drivers/STM32H7xx_HAL_Driver/Src/stm32h7xx_hal_crc_ex.o
 .debug_macro   0x0000000000034b97      0x3ec ./Drivers/STM32H7xx_HAL_Driver/Src/stm32h7xx_hal_fmac.o
 .debug_macro   0x0000000000034f83      0x366 ./Drivers/STM32H7xx_HAL_Driver/Src/stm32h7xx_hal_gpio.o
 .debug_macro   0x00000000000352e9      0x42b ./Drivers/STM32H7xx_HAL_Driver/Src/stm32h7xx_hal_i2c.o
 .debug_macro   0x0000000000035714      0x35f ./Drivers/STM32H7xx_HAL_Driver/Src/stm32h7xx_hal_i2c_ex.o
 .debug_macro   0x0000000000035a73      0x3bb ./Drivers/STM32H7xx_HAL_Driver/Src/stm32h7xx_hal_mmc.o
 .debug_macro   0x0000000000035e2e      0x36b ./Drivers/STM32H7xx_HAL_Driver/Src/stm32h7xx_hal_pcd.o
 .debug_macro   0x0000000000036199      0x35f ./Drivers/STM32H7xx_HAL_Driver/Src/stm32h7xx_hal_pcd_ex.o
 .debug_macro   0x00000000000364f8      0x398 ./Drivers/STM32H7xx_HAL_Driver/Src/stm32h7xx_hal_pwr_ex.o
 .debug_macro   0x0000000000036890      0x383 ./Drivers/STM32H7xx_HAL_Driver/Src/stm32h7xx_hal_rcc.o
 .debug_macro   0x0000000000036c13      0x37d ./Drivers/STM32H7xx_HAL_Driver/Src/stm32h7xx_hal_rcc_ex.o
 .debug_macro   0x0000000000036f90      0x372 ./Drivers/STM32H7xx_HAL_Driver/Src/stm32h7xx_hal_rng.o
 .debug_macro   0x0000000000037302      0x36e ./Drivers/STM32H7xx_HAL_Driver/Src/stm32h7xx_hal_spi.o
 .debug_macro   0x0000000000037670      0x38a ./Drivers/STM32H7xx_HAL_Driver/Src/stm32h7xx_hal_uart.o
 .debug_macro   0x00000000000379fa      0x36b ./Drivers/STM32H7xx_HAL_Driver/Src/stm32h7xx_hal_uart_ex.o
 .debug_macro   0x0000000000037d65      0x360 ./Drivers/STM32H7xx_HAL_Driver/Src/stm32h7xx_ll_sdmmc.o
 .debug_macro   0x00000000000380c5      0x35f ./Drivers/STM32H7xx_HAL_Driver/Src/stm32h7xx_ll_usb.o

.debug_line     0x0000000000000000    0x27df6
 .debug_line    0x0000000000000000     0x10eb ./Core/Src/main.o
 .debug_line    0x00000000000010eb      0xfdd ./Core/Src/stm32h7xx_hal_msp.o
 .debug_line    0x00000000000020c8      0xb12 ./Core/Src/stm32h7xx_it.o
 .debug_line    0x0000000000002bda      0xbf4 ./Core/Src/system_stm32h7xx.o
 .debug_line    0x00000000000037ce       0x7a ./Core/Startup/startup_stm32h723vghx.o
 .debug_line    0x0000000000003848     0x108b ./Drivers/STM32H7xx_HAL_Driver/Src/stm32h7xx_hal.o
 .debug_line    0x00000000000048d3     0x2924 ./Drivers/STM32H7xx_HAL_Driver/Src/stm32h7xx_hal_adc.o
 .debug_line    0x00000000000071f7     0x23e2 ./Drivers/STM32H7xx_HAL_Driver/Src/stm32h7xx_hal_adc_ex.o
 .debug_line    0x00000000000095d9      0xf00 ./Drivers/STM32H7xx_HAL_Driver/Src/stm32h7xx_hal_cordic.o
 .debug_line    0x000000000000a4d9     0x1003 ./Drivers/STM32H7xx_HAL_Driver/Src/stm32h7xx_hal_cortex.o
 .debug_line    0x000000000000b4dc      0xd90 ./Drivers/STM32H7xx_HAL_Driver/Src/stm32h7xx_hal_crc.o
 .debug_line    0x000000000000c26c      0xb0c ./Drivers/STM32H7xx_HAL_Driver/Src/stm32h7xx_hal_crc_ex.o
 .debug_line    0x000000000000cd78     0x1789 ./Drivers/STM32H7xx_HAL_Driver/Src/stm32h7xx_hal_fmac.o
 .debug_line    0x000000000000e501      0xeac ./Drivers/STM32H7xx_HAL_Driver/Src/stm32h7xx_hal_gpio.o
 .debug_line    0x000000000000f3ad     0x3df0 ./Drivers/STM32H7xx_HAL_Driver/Src/stm32h7xx_hal_i2c.o
 .debug_line    0x000000000001319d      0xc6d ./Drivers/STM32H7xx_HAL_Driver/Src/stm32h7xx_hal_i2c_ex.o
 .debug_line    0x0000000000013e0a     0x27d6 ./Drivers/STM32H7xx_HAL_Driver/Src/stm32h7xx_hal_mmc.o
 .debug_line    0x00000000000165e0     0x17d9 ./Drivers/STM32H7xx_HAL_Driver/Src/stm32h7xx_hal_pcd.o
 .debug_line    0x0000000000017db9      0xc1f ./Drivers/STM32H7xx_HAL_Driver/Src/stm32h7xx_hal_pcd_ex.o
 .debug_line    0x00000000000189d8     0x1072 ./Drivers/STM32H7xx_HAL_Driver/Src/stm32h7xx_hal_pwr_ex.o
 .debug_line    0x0000000000019a4a     0x1524 ./Drivers/STM32H7xx_HAL_Driver/Src/stm32h7xx_hal_rcc.o
 .debug_line    0x000000000001af6e     0x1ddd ./Drivers/STM32H7xx_HAL_Driver/Src/stm32h7xx_hal_rcc_ex.o
 .debug_line    0x000000000001cd4b      0xd82 ./Drivers/STM32H7xx_HAL_Driver/Src/stm32h7xx_hal_rng.o
 .debug_line    0x000000000001dacd     0x2103 ./Drivers/STM32H7xx_HAL_Driver/Src/stm32h7xx_hal_spi.o
 .debug_line    0x000000000001fbd0     0x40b1 ./Drivers/STM32H7xx_HAL_Driver/Src/stm32h7xx_hal_uart.o
 .debug_line    0x0000000000023c81     0x109b ./Drivers/STM32H7xx_HAL_Driver/Src/stm32h7xx_hal_uart_ex.o
 .debug_line    0x0000000000024d1c     0x1334 ./Drivers/STM32H7xx_HAL_Driver/Src/stm32h7xx_ll_sdmmc.o
 .debug_line    0x0000000000026050     0x1da6 ./Drivers/STM32H7xx_HAL_Driver/Src/stm32h7xx_ll_usb.o

.debug_str      0x0000000000000000   0x167699
 .debug_str     0x0000000000000000   0x15eef2 ./Core/Src/main.o
                                     0x15f8a7 (size before relaxing)
 .debug_str     0x000000000015eef2      0x1d6 ./Core/Src/stm32h7xx_hal_msp.o
                                     0x15f3c6 (size before relaxing)
 .debug_str     0x000000000015f0c8       0xc9 ./Core/Src/stm32h7xx_it.o
                                     0x15d434 (size before relaxing)
 .debug_str     0x000000000015f191      0x2a4 ./Core/Src/system_stm32h7xx.o
                                     0x15d847 (size before relaxing)
 .debug_str     0x000000000015f435       0x34 ./Core/Startup/startup_stm32h723vghx.o
                                         0x96 (size before relaxing)
 .debug_str     0x000000000015f469     0x1118 ./Drivers/STM32H7xx_HAL_Driver/Src/stm32h7xx_hal.o
                                     0x15e8d1 (size before relaxing)
 .debug_str     0x0000000000160581      0xcb1 ./Drivers/STM32H7xx_HAL_Driver/Src/stm32h7xx_hal_adc.o
                                     0x15e8d8 (size before relaxing)
 .debug_str     0x0000000000161232      0x7d8 ./Drivers/STM32H7xx_HAL_Driver/Src/stm32h7xx_hal_adc_ex.o
                                     0x15e7f8 (size before relaxing)
 .debug_str     0x0000000000161a0a      0x263 ./Drivers/STM32H7xx_HAL_Driver/Src/stm32h7xx_hal_cordic.o
                                     0x15da75 (size before relaxing)
 .debug_str     0x0000000000161c6d      0x349 ./Drivers/STM32H7xx_HAL_Driver/Src/stm32h7xx_hal_cortex.o
                                     0x15e1b3 (size before relaxing)
 .debug_str     0x0000000000161fb6       0xc6 ./Drivers/STM32H7xx_HAL_Driver/Src/stm32h7xx_hal_crc.o
                                     0x15d63c (size before relaxing)
 .debug_str     0x000000000016207c       0x69 ./Drivers/STM32H7xx_HAL_Driver/Src/stm32h7xx_hal_crc_ex.o
                                     0x15d5e2 (size before relaxing)
 .debug_str     0x00000000001620e5      0x9ef ./Drivers/STM32H7xx_HAL_Driver/Src/stm32h7xx_hal_fmac.o
                                     0x15e318 (size before relaxing)
 .debug_str     0x0000000000162ad4       0xec ./Drivers/STM32H7xx_HAL_Driver/Src/stm32h7xx_hal_gpio.o
                                     0x15d892 (size before relaxing)