../Core/Src/main.c:102:6:CDC_Transmit_String	24	static
../Core/Src/main.c:109:6:CDC_Transmit_uint8	24	static
../Core/Src/main.c:124:6:CDC_Transmit_float	40	static
../Core/Src/main.c:133:6:CDC_Transmit_UniqueID	112	static
../Core/Src/main.c:148:5:main	24	static
../Core/Src/main.c:246:6:SystemClock_Config	120	static
../Core/Src/main.c:306:6:PeriphCommonClock_Config	192	static
../Core/Src/main.c:336:13:MX_ADC1_Init	56	static
../Core/Src/main.c:404:13:MX_CORDIC_Init	8	static
../Core/Src/main.c:430:13:MX_CRC_Init	8	static
../Core/Src/main.c:461:13:MX_FMAC_Init	8	static
../Core/Src/main.c:487:13:MX_I2C1_Init	8	static
../Core/Src/main.c:535:13:MX_I2C2_Init	8	static
../Core/Src/main.c:583:13:MX_I2C3_Init	8	static
../Core/Src/main.c:631:13:MX_I2C4_Init	8	static
../Core/Src/main.c:679:13:MX_RNG_Init	8	static
../Core/Src/main.c:706:13:MX_SDMMC1_MMC_Init	8	static
../Core/Src/main.c:737:13:MX_SPI1_Init	8	static
../Core/Src/main.c:785:13:MX_SPI2_Init	8	static
../Core/Src/main.c:833:13:MX_SPI3_Init	8	static
../Core/Src/main.c:881:13:MX_SPI4_Init	8	static
../Core/Src/main.c:929:13:MX_SPI6_Init	8	static
../Core/Src/main.c:977:13:MX_USART2_UART_Init	8	static
../Core/Src/main.c:1025:13:MX_GPIO_Init	56	static
../Core/Src/main.c:1092:6:Error_Handler	4	static,ignoring_inline_asm
