../Core/Src/GNSS.c:41:6:GNSS_Init	0	static
../Core/Src/GNSS.c:90:6:GNSS_GetUniqID	8	static
../Core/Src/GNSS.c:100:6:GNSS_GetNavigatorData	8	static
../Core/Src/GNSS.c:110:6:GNSS_GetPOSLLHData	8	static
../Core/Src/GNSS.c:120:6:GNSS_GetPVTData	8	static
../Core/Src/GNSS.c:131:6:GNSS_ParseUniqID	0	static
../Core/Src/GNSS.c:141:6:GNSS_SetMode	0	static
../Core/Src/GNSS.c:169:6:GNSS_ParsePVTData	12	static
../Core/Src/GNSS.c:232:6:GNSS_ParseNavigatorData	0	static
../Core/Src/GNSS.c:248:6:GNSS_ParsePOSLLHData	0	static
../Core/Src/GNSS.c:64:6:GNSS_ParseBuffer	16	static
../Core/Src/GNSS.c:286:6:GNSS_LoadConfig	8	static
../Core/Src/GNSS.c:308:9:GNSS_Checksum	0	static
