../Drivers/STM32H7xx_HAL_Driver/Src/stm32h7xx_hal_fmac.c:2008:13:FMAC_WritePreloadDataIncrementPtr	12	static
../Drivers/STM32H7xx_HAL_Driver/Src/stm32h7xx_hal_fmac.c:2149:13:FMAC_ReadDataIncrementPtr	12	static
../Drivers/STM32H7xx_HAL_Driver/Src/stm32h7xx_hal_fmac.c:2213:13:FMAC_WriteDataIncrementPtr	12	static
../Drivers/STM32H7xx_HAL_Driver/Src/stm32h7xx_hal_fmac.c:1571:26:FMAC_Reset	16	static
../Drivers/STM32H7xx_HAL_Driver/Src/stm32h7xx_hal_fmac.c:2095:26:FMAC_ConfigFilterOutputBufferUpdateState	8	static
../Drivers/STM32H7xx_HAL_Driver/Src/stm32h7xx_hal_fmac.c:2027:26:FMAC_WaitOnStartUntilTimeout.constprop	16	static
../Drivers/STM32H7xx_HAL_Driver/Src/stm32h7xx_hal_fmac.c:1856:26:FMAC_FilterPreload	32	static
../Drivers/STM32H7xx_HAL_Driver/Src/stm32h7xx_hal_fmac.c:1643:26:FMAC_FilterConfig	32	static
../Drivers/STM32H7xx_HAL_Driver/Src/stm32h7xx_hal_fmac.c:502:13:HAL_FMAC_MspInit	0	static
../Drivers/STM32H7xx_HAL_Driver/Src/stm32h7xx_hal_fmac.c:382:19:HAL_FMAC_Init	16	static
../Drivers/STM32H7xx_HAL_Driver/Src/stm32h7xx_hal_fmac.c:517:13:HAL_FMAC_MspDeInit	0	static
../Drivers/STM32H7xx_HAL_Driver/Src/stm32h7xx_hal_fmac.c:455:19:HAL_FMAC_DeInit	16	static
../Drivers/STM32H7xx_HAL_Driver/Src/stm32h7xx_hal_fmac.c:800:19:HAL_FMAC_FilterConfig	0	static
../Drivers/STM32H7xx_HAL_Driver/Src/stm32h7xx_hal_fmac.c:816:19:HAL_FMAC_FilterConfig_DMA	0	static
../Drivers/STM32H7xx_HAL_Driver/Src/stm32h7xx_hal_fmac.c:840:19:HAL_FMAC_FilterPreload	16	static
../Drivers/STM32H7xx_HAL_Driver/Src/stm32h7xx_hal_fmac.c:865:19:HAL_FMAC_FilterPreload_DMA	16	static
../Drivers/STM32H7xx_HAL_Driver/Src/stm32h7xx_hal_fmac.c:883:19:HAL_FMAC_FilterStart	16	static
../Drivers/STM32H7xx_HAL_Driver/Src/stm32h7xx_hal_fmac.c:968:19:HAL_FMAC_AppendFilterData	12	static
../Drivers/STM32H7xx_HAL_Driver/Src/stm32h7xx_hal_fmac.c:1024:19:HAL_FMAC_ConfigFilterOutputBuffer	4	static
../Drivers/STM32H7xx_HAL_Driver/Src/stm32h7xx_hal_fmac.c:1085:19:HAL_FMAC_PollFilterData	32	static
../Drivers/STM32H7xx_HAL_Driver/Src/stm32h7xx_hal_fmac.c:1204:19:HAL_FMAC_FilterStop	8	static
../Drivers/STM32H7xx_HAL_Driver/Src/stm32h7xx_hal_fmac.c:1285:13:HAL_FMAC_ErrorCallback	0	static
../Drivers/STM32H7xx_HAL_Driver/Src/stm32h7xx_hal_fmac.c:2502:13:FMAC_DMAError	8	static
../Drivers/STM32H7xx_HAL_Driver/Src/stm32h7xx_hal_fmac.c:1301:13:HAL_FMAC_HalfGetDataCallback	0	static
../Drivers/STM32H7xx_HAL_Driver/Src/stm32h7xx_hal_fmac.c:2272:13:FMAC_DMAHalfGetData	8	static
../Drivers/STM32H7xx_HAL_Driver/Src/stm32h7xx_hal_fmac.c:1317:13:HAL_FMAC_GetDataCallback	0	static
../Drivers/STM32H7xx_HAL_Driver/Src/stm32h7xx_hal_fmac.c:2289:13:FMAC_DMAGetData	8	static
../Drivers/STM32H7xx_HAL_Driver/Src/stm32h7xx_hal_fmac.c:1333:13:HAL_FMAC_HalfOutputDataReadyCallback	0	static
../Drivers/STM32H7xx_HAL_Driver/Src/stm32h7xx_hal_fmac.c:2309:13:FMAC_DMAHalfOutputDataReady	8	static
../Drivers/STM32H7xx_HAL_Driver/Src/stm32h7xx_hal_fmac.c:1349:13:HAL_FMAC_OutputDataReadyCallback	0	static
../Drivers/STM32H7xx_HAL_Driver/Src/stm32h7xx_hal_fmac.c:2326:13:FMAC_DMAOutputDataReady	8	static
../Drivers/STM32H7xx_HAL_Driver/Src/stm32h7xx_hal_fmac.c:1365:13:HAL_FMAC_FilterConfigCallback	0	static
../Drivers/STM32H7xx_HAL_Driver/Src/stm32h7xx_hal_fmac.c:2346:13:FMAC_DMAFilterConfig	8	static
../Drivers/STM32H7xx_HAL_Driver/Src/stm32h7xx_hal_fmac.c:1381:13:HAL_FMAC_FilterPreloadCallback	0	static
../Drivers/STM32H7xx_HAL_Driver/Src/stm32h7xx_hal_fmac.c:2421:13:FMAC_DMAFilterPreload	16	static
../Drivers/STM32H7xx_HAL_Driver/Src/stm32h7xx_hal_fmac.c:1414:6:HAL_FMAC_IRQHandler	8	static
../Drivers/STM32H7xx_HAL_Driver/Src/stm32h7xx_hal_fmac.c:1530:23:HAL_FMAC_GetState	0	static
../Drivers/STM32H7xx_HAL_Driver/Src/stm32h7xx_hal_fmac.c:1543:10:HAL_FMAC_GetError	0	static
