..\Core\Src\main.c:109:5:main	576	static
..\Core\Src\main.c:220:6:SystemClock_Config	120	static
..\Core\Src\main.c:280:6:PeriphCommonClock_Config	192	static
..\Core\Src\main.c:310:13:MX_ADC1_Init	56	static
..\Core\Src\main.c:378:13:MX_CORDIC_Init	8	static
..\Core\Src\main.c:404:13:MX_CRC_Init	8	static
..\Core\Src\main.c:435:13:MX_FMAC_Init	8	static
..\Core\Src\main.c:461:13:MX_I2C1_Init	8	static
..\Core\Src\main.c:509:13:MX_I2C2_Init	8	static
..\Core\Src\main.c:557:13:MX_I2C3_Init	8	static
..\Core\Src\main.c:605:13:MX_I2C4_Init	8	static
..\Core\Src\main.c:653:13:MX_RNG_Init	8	static
..\Core\Src\main.c:680:13:MX_SDMMC1_SD_Init	4	static
..\Core\Src\main.c:707:13:MX_SPI1_Init	8	static
..\Core\Src\main.c:755:13:MX_SPI2_Init	8	static
..\Core\Src\main.c:803:13:MX_SPI3_Init	8	static
..\Core\Src\main.c:851:13:MX_SPI4_Init	8	static
..\Core\Src\main.c:899:13:MX_SPI6_Init	8	static
..\Core\Src\main.c:947:13:MX_USART2_UART_Init	8	static
..\Core\Src\main.c:995:13:MX_USB_OTG_HS_PCD_Init	8	static
..\Core\Src\main.c:1031:13:MX_GPIO_Init	56	static
..\Core\Src\main.c:1098:6:Error_Handler	4	static,ignoring_inline_asm
