..\Core\Src\main.c:113:5:main	8	static
..\Core\Src\main.c:193:6:SystemClock_Config	120	static
..\Core\Src\main.c:253:6:PeriphCommonClock_Config	192	static
..\Core\Src\main.c:283:13:MX_ADC1_Init	56	static
..\Core\Src\main.c:351:13:MX_CORDIC_Init	8	static
..\Core\Src\main.c:377:13:MX_CRC_Init	8	static
..\Core\Src\main.c:408:13:MX_FMAC_Init	8	static
..\Core\Src\main.c:434:13:MX_I2C1_Init	8	static
..\Core\Src\main.c:482:13:MX_I2C2_Init	8	static
..\Core\Src\main.c:530:13:MX_I2C3_Init	8	static
..\Core\Src\main.c:578:13:MX_I2C4_Init	8	static
..\Core\Src\main.c:626:13:MX_RNG_Init	8	static
..\Core\Src\main.c:653:13:MX_SDMMC1_SD_Init	4	static
..\Core\Src\main.c:680:13:MX_SPI1_Init	8	static
..\Core\Src\main.c:728:13:MX_SPI2_Init	8	static
..\Core\Src\main.c:776:13:MX_SPI3_Init	8	static
..\Core\Src\main.c:824:13:MX_SPI4_Init	8	static
..\Core\Src\main.c:872:13:MX_SPI6_Init	8	static
..\Core\Src\main.c:920:13:MX_USART2_UART_Init	8	static
..\Core\Src\main.c:968:13:MX_USB_OTG_HS_PCD_Init	8	static
..\Core\Src\main.c:1004:13:MX_GPIO_Init	56	static
..\Core\Src\main.c:1065:6:Log_Data	1112	static
..\Core\Src\main.c:1112:6:Error_Handler	4	static,ignoring_inline_asm
