..\Core\Src\main.c:109:5:main	8	static
..\Core\Src\main.c:183:6:SystemClock_Config	120	static
..\Core\Src\main.c:243:6:PeriphCommonClock_Config	192	static
..\Core\Src\main.c:273:13:MX_ADC1_Init	56	static
..\Core\Src\main.c:341:13:MX_CORDIC_Init	8	static
..\Core\Src\main.c:367:13:MX_CRC_Init	8	static
..\Core\Src\main.c:398:13:MX_FMAC_Init	8	static
..\Core\Src\main.c:424:13:MX_I2C1_Init	8	static
..\Core\Src\main.c:472:13:MX_I2C2_Init	8	static
..\Core\Src\main.c:520:13:MX_I2C3_Init	8	static
..\Core\Src\main.c:568:13:MX_I2C4_Init	8	static
..\Core\Src\main.c:616:13:MX_RNG_Init	8	static
..\Core\Src\main.c:643:13:MX_SDMMC1_MMC_Init	8	static
..\Core\Src\main.c:674:13:MX_SPI1_Init	8	static
..\Core\Src\main.c:722:13:MX_SPI2_Init	8	static
..\Core\Src\main.c:770:13:MX_SPI3_Init	8	static
..\Core\Src\main.c:818:13:MX_SPI4_Init	8	static
..\Core\Src\main.c:866:13:MX_SPI6_Init	8	static
..\Core\Src\main.c:914:13:MX_USART2_UART_Init	8	static
..\Core\Src\main.c:962:13:MX_USB_OTG_HS_PCD_Init	8	static
..\Core\Src\main.c:998:13:MX_GPIO_Init	56	static
..\Core\Src\main.c:1065:6:Error_Handler	4	static,ignoring_inline_asm
