../Core/Src/main.c:113:5:main	8	static
../Core/Src/main.c:177:6:SystemClock_Config	120	static
../Core/Src/main.c:237:6:PeriphCommonClock_Config	192	static
../Core/Src/main.c:267:13:MX_ADC1_Init	56	static
../Core/Src/main.c:335:13:MX_CORDIC_Init	8	static
../Core/Src/main.c:361:13:MX_CRC_Init	8	static
../Core/Src/main.c:392:13:MX_FMAC_Init	8	static
../Core/Src/main.c:418:13:MX_I2C1_Init	8	static
../Core/Src/main.c:466:13:MX_I2C2_Init	8	static
../Core/Src/main.c:514:13:MX_I2C3_Init	8	static
../Core/Src/main.c:562:13:MX_I2C4_Init	8	static
../Core/Src/main.c:610:13:MX_RNG_Init	8	static
../Core/Src/main.c:637:13:MX_SDMMC1_MMC_Init	8	static
../Core/Src/main.c:668:13:MX_SPI1_Init	8	static
../Core/Src/main.c:716:13:MX_SPI2_Init	8	static
../Core/Src/main.c:764:13:MX_SPI3_Init	8	static
../Core/Src/main.c:812:13:MX_SPI4_Init	8	static
../Core/Src/main.c:860:13:MX_SPI6_Init	8	static
../Core/Src/main.c:908:13:MX_USART2_UART_Init	8	static
../Core/Src/main.c:952:6:USART2_Transmit	16	static
../Core/Src/main.c:958:6:USART2_Receive	16	static
../Core/Src/main.c:963:6:HAL_UART_RxCpltCallback	16	static
../Core/Src/main.c:990:13:MX_USB_OTG_HS_PCD_Init	8	static
../Core/Src/main.c:1026:13:MX_GPIO_Init	56	static
../Core/Src/main.c:1093:6:Error_Handler	4	static,ignoring_inline_asm
