../Core/Src/main.c:120:5:main	5
../Core/Src/main.c:278:6:SystemClock_Config	4
../Core/Src/main.c:338:6:PeriphCommonClock_Config	2
../Core/Src/main.c:368:13:MX_ADC1_Init	4
../Core/Src/main.c:436:13:MX_CORDIC_Init	2
../Core/Src/main.c:462:13:MX_CRC_Init	2
../Core/Src/main.c:493:13:MX_FMAC_Init	2
../Core/Src/main.c:519:13:MX_I2C1_Init	4
../Core/Src/main.c:567:13:MX_I2C2_Init	4
../Core/Src/main.c:615:13:MX_I2C3_Init	4
../Core/Src/main.c:663:13:MX_I2C4_Init	4
../Core/Src/main.c:711:13:MX_RNG_Init	2
../Core/Src/main.c:738:13:MX_SDMMC1_MMC_Init	2
../Core/Src/main.c:769:13:MX_SPI1_Init	2
../Core/Src/main.c:817:13:MX_SPI2_Init	2
../Core/Src/main.c:865:13:MX_SPI3_Init	2
../Core/Src/main.c:913:13:MX_SPI4_Init	2
../Core/Src/main.c:961:13:MX_SPI6_Init	2
../Core/Src/main.c:1009:13:MX_USART2_UART_Init	5
../Core/Src/main.c:1057:13:MX_USB_OTG_HS_PCD_Init	2
../Core/Src/main.c:1093:13:MX_GPIO_Init	1
../Core/Src/main.c:1160:6:Error_Handler	1
